Component: ARM Compiler 5.06 update 7 (build 960) Tool: armlink [4d3601]

==============================================================================

Section Cross References

    main.o(i.TempHumi_State) refers to _printf_percent.o(.ARM.Collect$$_printf_percent$$00000000) for _printf_percent
    main.o(i.TempHumi_State) refers to _printf_d.o(.ARM.Collect$$_printf_percent$$00000009) for _printf_d
    main.o(i.TempHumi_State) refers to _printf_f.o(.ARM.Collect$$_printf_percent$$00000003) for _printf_f
    main.o(i.TempHumi_State) refers to _printf_dec.o(.text) for _printf_int_dec
    main.o(i.TempHumi_State) refers to printf1.o(x$fpl$printf1) for _printf_fp_dec
    main.o(i.TempHumi_State) refers to dht11.o(i.DHT11_Read_Data) for DHT11_Read_Data
    main.o(i.TempHumi_State) refers to adc.o(i.Get_Adc_Average) for Get_Adc_Average
    main.o(i.TempHumi_State) refers to dflt_clz.o(x$fpl$dflt) for __aeabi_i2d
    main.o(i.TempHumi_State) refers to dmul.o(x$fpl$dmul) for __aeabi_dmul
    main.o(i.TempHumi_State) refers to ddiv.o(x$fpl$ddiv) for __aeabi_ddiv
    main.o(i.TempHumi_State) refers to d2f.o(x$fpl$d2f) for __aeabi_d2f
    main.o(i.TempHumi_State) refers to fmul.o(x$fpl$fmul) for __aeabi_fmul
    main.o(i.TempHumi_State) refers to f2d.o(x$fpl$f2d) for __aeabi_f2d
    main.o(i.TempHumi_State) refers to usart1.o(i.u1_printf) for u1_printf
    main.o(i.TempHumi_State) refers to __2sprintf.o(.text) for __2sprintf
    main.o(i.TempHumi_State) refers to strlen.o(.text) for strlen
    main.o(i.TempHumi_State) refers to mqtt.o(i.MQTT_PublishQs0) for MQTT_PublishQs0
    main.o(i.TempHumi_State) refers to ffixu.o(x$fpl$ffixu) for __aeabi_f2uiz
    main.o(i.TempHumi_State) refers to oled_1.o(i.OLED_Dis_DHT) for OLED_Dis_DHT
    main.o(i.TempHumi_State) refers to fflt_clz.o(x$fpl$ffltu) for __aeabi_ui2f
    main.o(i.TempHumi_State) refers to frleqf.o(x$fpl$frleqf) for __aeabi_cfrcmple
    main.o(i.TempHumi_State) refers to stm32f10x_gpio.o(i.GPIO_ResetBits) for GPIO_ResetBits
    main.o(i.TempHumi_State) refers to stm32f10x_gpio.o(i.GPIO_SetBits) for GPIO_SetBits
    main.o(i.TempHumi_State) refers to main.o(.data) for adc
    main.o(i.find) refers to fflt_clz.o(x$fpl$fflt) for __aeabi_i2f
    main.o(i.find) refers to fdiv.o(x$fpl$fdiv) for __aeabi_fdiv
    main.o(i.find) refers to f2d.o(x$fpl$f2d) for __aeabi_f2d
    main.o(i.find) refers to usart1.o(i.u1_printf) for u1_printf
    main.o(i.find) refers to faddsub_clz.o(x$fpl$fadd) for __aeabi_fadd
    main.o(i.find) refers to fmul.o(x$fpl$fmul) for __aeabi_fmul
    main.o(i.main) refers to delay.o(i.Delay_Init) for Delay_Init
    main.o(i.main) refers to usart1.o(i.Usart1_Init) for Usart1_Init
    main.o(i.main) refers to usart2.o(i.Usart2_Init) for Usart2_Init
    main.o(i.main) refers to timer4.o(i.TIM4_Init) for TIM4_Init
    main.o(i.main) refers to oled_1.o(i.OLED_Init) for OLED_Init
    main.o(i.main) refers to oled_1.o(i.OLED_Clear) for OLED_Clear
    main.o(i.main) refers to led.o(i.LED_Init) for LED_Init
    main.o(i.main) refers to key.o(i.KEY_Init) for KEY_Init
    main.o(i.main) refers to dht11.o(i.DHT11_Init) for DHT11_Init
    main.o(i.main) refers to adc.o(i.Adc_Init) for Adc_Init
    main.o(i.main) refers to adc.o(i.Get_Adc_Average) for Get_Adc_Average
    main.o(i.main) refers to usart1.o(i.u1_printf) for u1_printf
    main.o(i.main) refers to delay.o(i.Delay_Ms) for Delay_Ms
    main.o(i.main) refers to wifi.o(i.WiFi_ResetIO_Init) for WiFi_ResetIO_Init
    main.o(i.main) refers to mqtt.o(i.MQTT_Buff_Init) for MQTT_Buff_Init
    main.o(i.main) refers to mqtt.o(i.AliIoT_Parameter_Init) for AliIoT_Parameter_Init
    main.o(i.main) refers to oled_1.o(i.OLED_Dis_Menu) for OLED_Dis_Menu
    main.o(i.main) refers to usart2.o(i.u2_TxData) for u2_TxData
    main.o(i.main) refers to timer3.o(i.TIM3_ENABLE_20S) for TIM3_ENABLE_20S
    main.o(i.main) refers to timer2.o(i.TIM2_ENABLE_10S) for TIM2_ENABLE_10S
    main.o(i.main) refers to main.o(i.TempHumi_State) for TempHumi_State
    main.o(i.main) refers to mqtt.o(i.MQTT_DealPushdata_Qs0) for MQTT_DealPushdata_Qs0
    main.o(i.main) refers to main.o(i.find) for find
    main.o(i.main) refers to ffix.o(x$fpl$ffix) for __aeabi_f2iz
    main.o(i.main) refers to f2d.o(x$fpl$f2d) for __aeabi_f2d
    main.o(i.main) refers to timer4.o(i.TIM4_ENABLE_2S) for TIM4_ENABLE_2S
    main.o(i.main) refers to timer4.o(i.TIME4_DISABLE) for TIME4_DISABLE
    main.o(i.main) refers to stm32f10x_tim.o(i.TIM_Cmd) for TIM_Cmd
    main.o(i.main) refers to rt_memclr.o(.text) for __aeabi_memclr
    main.o(i.main) refers to wifi.o(i.WiFi_Connect_IoTServer) for WiFi_Connect_IoTServer
    main.o(i.main) refers to mqtt.o(i.MQTT_Buff_ReInit) for MQTT_Buff_ReInit
    main.o(i.main) refers to mqtt.o(.data) for Connect_flag
    main.o(i.main) refers to mqtt.o(.bss) for MQTT_TxDataBuf
    main.o(i.main) refers to main.o(.data) for auto_flag
[...]
    _handle_redirection                       - Undefined Weak Reference
    _init_alloc                               - Undefined Weak Reference
    _init_user_alloc                          - Undefined Weak Reference
    _initio                                   - Undefined Weak Reference
    _printf_fp_hex                            - Undefined Weak Reference
    _printf_mbtowc                            - Undefined Weak Reference
    _printf_wc                                - Undefined Weak Reference
    _rand_init                                - Undefined Weak Reference
    _signal_finish                            - Undefined Weak Reference
    _signal_init                              - Undefined Weak Reference
    _terminate_alloc                          - Undefined Weak Reference
    _terminate_user_alloc                     - Undefined Weak Reference
    _terminateio                              - Undefined Weak Reference
    __Vectors_Size                           0x00000130   Number         0  startup_stm32f10x_hd.o ABSOLUTE
    __Vectors                                0x08000000   Data           4  startup_stm32f10x_hd.o(RESET)
    __Vectors_End                            0x08000130   Data           0  startup_stm32f10x_hd.o(RESET)
    __main                                   0x08000131   Thumb Code     8  __main.o(!!!main)
    __scatterload                            0x08000139   Thumb Code     0  __scatter.o(!!!scatter)
    __scatterload_rt2                        0x08000139   Thumb Code    44  __scatter.o(!!!scatter)
    __scatterload_rt2_thumb_only             0x08000139   Thumb Code     0  __scatter.o(!!!scatter)
    __scatterload_null                       0x08000147   Thumb Code     0  __scatter.o(!!!scatter)
    __decompress                             0x0800016d   Thumb Code   100  __dclz77c.o(!!dclz77c)
    __decompress2                            0x0800016d   Thumb Code     0  __dclz77c.o(!!dclz77c)
    __scatterload_zeroinit                   0x080001d1   Thumb Code    28  __scatter_zi.o(!!handler_zi)
    _printf_n                                0x080001ed   Thumb Code     0  _printf_n.o(.ARM.Collect$$_printf_percent$$00000001)
    _printf_percent                          0x080001ed   Thumb Code     0  _printf_percent.o(.ARM.Collect$$_printf_percent$$00000000)
    _printf_p                                0x080001f3   Thumb Code     0  _printf_p.o(.ARM.Collect$$_printf_percent$$00000002)
    _printf_f                                0x080001f9   Thumb Code     0  _printf_f.o(.ARM.Collect$$_printf_percent$$00000003)
    _printf_e                                0x080001ff   Thumb Code     0  _printf_e.o(.ARM.Collect$$_printf_percent$$00000004)
    _printf_g                                0x08000205   Thumb Code     0  _printf_g.o(.ARM.Collect$$_printf_percent$$00000005)
    _printf_a                                0x0800020b   Thumb Code     0  _printf_a.o(.ARM.Collect$$_printf_percent$$00000006)
    _printf_ll                               0x08000211   Thumb Code     0  _printf_ll.o(.ARM.Collect$$_printf_percent$$00000007)
    _printf_i                                0x0800021b   Thumb Code     0  _printf_i.o(.ARM.Collect$$_printf_percent$$00000008)
    _printf_d                                0x08000221   Thumb Code     0  _printf_d.o(.ARM.Collect$$_printf_percent$$00000009)
    _printf_u                                0x08000227   Thumb Code     0  _printf_u.o(.ARM.Collect$$_printf_percent$$0000000A)
    _printf_o                                0x0800022d   Thumb Code     0  _printf_o.o(.ARM.Collect$$_printf_percent$$0000000B)
    _printf_x                                0x08000233   Thumb Code     0  _printf_x.o(.ARM.Collect$$_printf_percent$$0000000C)
    _printf_lli                              0x08000239   Thumb Code     0  _printf_lli.o(.ARM.Collect$$_printf_percent$$0000000D)
    _printf_lld                              0x0800023f   Thumb Code     0  _printf_lld.o(.ARM.Collect$$_printf_percent$$0000000E)
    _printf_llu                              0x08000245   Thumb Code     0  _printf_llu.o(.ARM.Collect$$_printf_percent$$0000000F)
    _printf_llo                              0x0800024b   Thumb Code     0  _printf_llo.o(.ARM.Collect$$_printf_percent$$00000010)
    _printf_llx                              0x08000251   Thumb Code     0  _printf_llx.o(.ARM.Collect$$_printf_percent$$00000011)
    _printf_l                                0x08000257   Thumb Code     0  _printf_l.o(.ARM.Collect$$_printf_percent$$00000012)
    _printf_c                                0x08000261   Thumb Code     0  _printf_c.o(.ARM.Collect$$_printf_percent$$00000013)
    _printf_s                                0x08000267   Thumb Code     0  _printf_s.o(.ARM.Collect$$_printf_percent$$00000014)
    _printf_lc                               0x0800026d   Thumb Code     0  _printf_lc.o(.ARM.Collect$$_printf_percent$$00000015)
    _printf_ls                               0x08000273   Thumb Code     0  _printf_ls.o(.ARM.Collect$$_printf_percent$$00000016)
    _printf_percent_end                      0x08000279   Thumb Code     0  _printf_percent_end.o(.ARM.Collect$$_printf_percent$$00000017)
    __rt_lib_init                            0x0800027d   Thumb Code     0  libinit.o(.ARM.Collect$$libinit$$00000000)
    __rt_lib_init_fp_1                       0x0800027f   Thumb Code     0  libinit2.o(.ARM.Collect$$libinit$$00000002)
    __rt_lib_init_heap_1                     0x0800027f   Thumb Code     0  libinit2.o(.ARM.Collect$$libinit$$0000000A)
    __rt_lib_init_lc_common                  0x0800027f   Thumb Code     0  libinit2.o(.ARM.Collect$$libinit$$0000000F)
    __rt_lib_init_preinit_1                  0x0800027f   Thumb Code     0  libinit2.o(.ARM.Collect$$libinit$$00000004)
    __rt_lib_init_rand_1                     0x0800027f   Thumb Code     0  libinit2.o(.ARM.Collect$$libinit$$0000000E)
    __rt_lib_init_user_alloc_1               0x0800027f   Thumb Code     0  libinit2.o(.ARM.Collect$$libinit$$0000000C)
    __rt_lib_init_lc_collate_1               0x08000285   Thumb Code     0  libinit2.o(.ARM.Collect$$libinit$$00000011)
    __rt_lib_init_lc_ctype_2                 0x08000285   Thumb Code     0  libinit2.o(.ARM.Collect$$libinit$$00000012)
    __rt_lib_init_lc_ctype_1                 0x08000291   Thumb Code     0  libinit2.o(.ARM.Collect$$libinit$$00000013)
    __rt_lib_init_lc_monetary_1              0x08000291   Thumb Code     0  libinit2.o(.ARM.Collect$$libinit$$00000015)
    __rt_lib_init_lc_numeric_2               0x08000291   Thumb Code     0  libinit2.o(.ARM.Collect$$libinit$$00000016)
    __rt_lib_init_alloca_1                   0x0800029b   Thumb Code     0  libinit2.o(.ARM.Collect$$libinit$$0000002E)
    __rt_lib_init_argv_1                     0x0800029b   Thumb Code     0  libinit2.o(.ARM.Collect$$libinit$$0000002C)
    __rt_lib_init_atexit_1                   0x0800029b   Thumb Code     0  libinit2.o(.ARM.Collect$$libinit$$0000001B)
    __rt_lib_init_clock_1                    0x0800029b   Thumb Code     0  libinit2.o(.ARM.Collect$$libinit$$00000021)
    __rt_lib_init_cpp_1                      0x0800029b   Thumb Code     0  libinit2.o(.ARM.Collect$$libinit$$00000032)
    __rt_lib_init_exceptions_1               0x0800029b   Thumb Code     0  libinit2.o(.ARM.Collect$$libinit$$00000030)
    __rt_lib_init_fp_trap_1                  0x0800029b   Thumb Code     0  libinit2.o(.ARM.Collect$$libinit$$0000001F)
    __rt_lib_init_getenv_1                   0x0800029b   Thumb Code     0  libinit2.o(.ARM.Collect$$libinit$$00000023)
    __rt_lib_init_lc_numeric_1               0x0800029b   Thumb Code     0  libinit2.o(.ARM.Collect$$libinit$$00000017)
    __rt_lib_init_lc_time_1                  0x0800029b   Thumb Code     0  libinit2.o(.ARM.Collect$$libinit$$00000019)
    __rt_lib_init_return                     0x0800029b   Thumb Code     0  libinit2.o(.ARM.Collect$$libinit$$00000033)
    __rt_lib_init_signal_1                   0x0800029b   Thumb Code     0  libinit2.o(.ARM.Collect$$libinit$$0000001D)
    __rt_lib_init_stdio_1                    0x0800029b   Thumb Code     0  libinit2.o(.ARM.Collect$$libinit$$00000025)
    __rt_lib_shutdown                        0x0800029d   Thumb Code     0  libshutdown.o(.ARM.Collect$$libshutdown$$00000000)
    __rt_lib_shutdown_cpp_1                  0x0800029f   Thumb Code     0  libshutdown2.o(.ARM.Collect$$libshutdown$$00000004)
    __rt_lib_shutdown_fini_1                 0x0800029f   Thumb Code     0  libshutdown2.o(.ARM.Collect$$libshutdown$$00000002)
    __rt_lib_shutdown_fp_trap_1              0x0800029f   Thumb Code     0  libshutdown2.o(.ARM.Collect$$libshutdown$$00000009)
    __rt_lib_shutdown_heap_1                 0x0800029f   Thumb Code     0  libshutdown2.o(.ARM.Collect$$libshutdown$$00000011)
    __rt_lib_shutdown_return                 0x0800029f   Thumb Code     0  libshutdown2.o(.ARM.Collect$$libshutdown$$00000012)
    __rt_lib_shutdown_signal_1               0x0800029f   Thumb Code     0  libshutdown2.o(.ARM.Collect$$libshutdown$$0000000C)
    __rt_lib_shutdown_stdio_1                0x0800029f   Thumb Code     0  libshutdown2.o(.ARM.Collect$$libshutdown$$00000006)
    __rt_lib_shutdown_user_alloc_1           0x0800029f   Thumb Code     0  libshutdown2.o(.ARM.Collect$$libshutdown$$0000000E)
    __rt_entry                               0x080002a1   Thumb Code     0  __rtentry.o(.ARM.Collect$$rtentry$$00000000)
    __rt_entry_presh_1                       0x080002a1   Thumb Code     0  __rtentry2.o(.ARM.Collect$$rtentry$$00000002)
    __rt_entry_sh                            0x080002a1   Thumb Code     0  __rtentry4.o(.ARM.Collect$$rtentry$$00000004)
    __rt_entry_li                            0x080002a7   Thumb Code     0  __rtentry2.o(.ARM.Collect$$rtentry$$0000000A)
    __rt_entry_postsh_1                      0x080002a7   Thumb Code     0  __rtentry2.o(.ARM.Collect$$rtentry$$00000009)
    __rt_entry_main                          0x080002ab   Thumb Code     0  __rtentry2.o(.ARM.Collect$$rtentry$$0000000D)
    __rt_entry_postli_1                      0x080002ab   Thumb Code     0  __rtentry2.o(.ARM.Collect$$rtentry$$0000000C)
    __rt_exit                                0x080002b3   Thumb Code     0  rtexit.o(.ARM.Collect$$rtexit$$00000000)
    __rt_exit_ls                             0x080002b5   Thumb Code     0  rtexit2.o(.ARM.Collect$$rtexit$$00000003)
    __rt_exit_prels_1                        0x080002b5   Thumb Code     0  rtexit2.o(.ARM.Collect$$rtexit$$00000002)
    __rt_exit_exit                           0x080002b9   Thumb Code     0  rtexit2.o(.ARM.Collect$$rtexit$$00000004)
    Reset_Handler                            0x080002c1   Thumb Code     8  startup_stm32f10x_hd.o(.text)
    ADC1_2_IRQHandler                        0x080002db   Thumb Code     0  startup_stm32f10x_hd.o(.text)
    ADC3_IRQHandler                          0x080002db   Thumb Code     0  startup_stm32f10x_hd.o(.text)
    CAN1_RX1_IRQHandler                      0x080002db   Thumb Code     0  startup_stm32f10x_hd.o(.text)
    CAN1_SCE_IRQHandler                      0x080002db   Thumb Code     0  startup_stm32f10x_hd.o(.text)
    DMA1_Channel1_IRQHandler                 0x080002db   Thumb Code     0  startup_stm32f10x_hd.o(.text)
    DMA1_Channel2_IRQHandler                 0x080002db   Thumb Code     0  startup_stm32f10x_hd.o(.text)
    DMA1_Channel3_IRQHandler                 0x080002db   Thumb Code     0  startup_stm32f10x_hd.o(.text)
    DMA1_Channel4_IRQHandler                 0x080002db   Thumb Code     0  startup_stm32f10x_hd.o(.text)
    DMA1_Channel5_IRQHandler                 0x080002db   Thumb Code     0  startup_stm32f10x_hd.o(.text)
    DMA1_Channel6_IRQHandler                 0x080002db   Thumb Code     0  startup_stm32f10x_hd.o(.text)
    DMA1_Channel7_IRQHandler                 0x080002db   Thumb Code     0  startup_stm32f10x_hd.o(.text)
    DMA2_Channel1_IRQHandler                 0x080002db   Thumb Code     0  startup_stm32f10x_hd.o(.text)
    DMA2_Channel2_IRQHandler                 0x080002db   Thumb Code     0  startup_stm32f10x_hd.o(.text)
    DMA2_Channel3_IRQHandler                 0x080002db   Thumb Code     0  startup_stm32f10x_hd.o(.text)
    DMA2_Channel4_5_IRQHandler               0x080002db   Thumb Code     0  startup_stm32f10x_hd.o(.text)
    EXTI15_10_IRQHandler                     0x080002db   Thumb Code     0  startup_stm32f10x_hd.o(.text)
    EXTI2_IRQHandler                         0x080002db   Thumb Code     0  startup_stm32f10x_hd.o(.text)
    EXTI3_IRQHandler                         0x080002db   Thumb Code     0  startup_stm32f10x_hd.o(.text)
    EXTI4_IRQHandler                         0x080002db   Thumb Code     0  startup_stm32f10x_hd.o(.text)
    EXTI9_5_IRQHandler                       0x080002db   Thumb Code     0  startup_stm32f10x_hd.o(.text)
    FLASH_IRQHandler                         0x080002db   Thumb Code     0  startup_stm32f10x_hd.o(.text)
    FSMC_IRQHandler                          0x080002db   Thumb Code     0  startup_stm32f10x_hd.o(.text)
    I2C1_ER_IRQHandler                       0x080002db   Thumb Code     0  startup_stm32f10x_hd.o(.text)
    I2C1_EV_IRQHandler                       0x080002db   Thumb Code     0  startup_stm32f10x_hd.o(.text)
    I2C2_ER_IRQHandler                       0x080002db   Thumb Code     0  startup_stm32f10x_hd.o(.text)
    I2C2_EV_IRQHandler                       0x080002db   Thumb Code     0  startup_stm32f10x_hd.o(.text)
    PVD_IRQHandler                           0x080002db   Thumb Code     0  startup_stm32f10x_hd.o(.text)
    RCC_IRQHandler                           0x080002db   Thumb Code     0  startup_stm32f10x_hd.o(.text)
    RTCAlarm_IRQHandler                      0x080002db   Thumb Code     0  startup_stm32f10x_hd.o(.text)
    RTC_IRQHandler                           0x080002db   Thumb Code     0  startup_stm32f10x_hd.o(.text)
    SDIO_IRQHandler                          0x080002db   Thumb Code     0  startup_stm32f10x_hd.o(.text)
    SPI1_IRQHandler                          0x080002db   Thumb Code     0  startup_stm32f10x_hd.o(.text)
    SPI2_IRQHandler                          0x080002db   Thumb Code     0  startup_stm32f10x_hd.o(.text)
    SPI3_IRQHandler                          0x080002db   Thumb Code     0  startup_stm32f10x_hd.o(.text)
    TAMPER_IRQHandler                        0x080002db   Thumb Code     0  startup_stm32f10x_hd.o(.text)
    TIM1_BRK_IRQHandler                      0x080002db   Thumb Code     0  startup_stm32f10x_hd.o(.text)
    TIM1_CC_IRQHandler                       0x080002db   Thumb Code     0  startup_stm32f10x_hd.o(.text)
    TIM1_TRG_COM_IRQHandler                  0x080002db   Thumb Code     0  startup_stm32f10x_hd.o(.text)
    TIM1_UP_IRQHandler                       0x080002db   Thumb Code     0  startup_stm32f10x_hd.o(.text)
    TIM6_IRQHandler                          0x080002db   Thumb Code     0  startup_stm32f10x_hd.o(.text)
    TIM7_IRQHandler                          0x080002db   Thumb Code     0  startup_stm32f10x_hd.o(.text)
    TIM8_BRK_IRQHandler                      0x080002db   Thumb Code     0  startup_stm32f10x_hd.o(.text)
    TIM8_CC_IRQHandler                       0x080002db   Thumb Code     0  startup_stm32f10x_hd.o(.text)
    TIM8_TRG_COM_IRQHandler                  0x080002db   Thumb Code     0  startup_stm32f10x_hd.o(.text)
    TIM8_UP_IRQHandler                       0x080002db   Thumb Code     0  startup_stm32f10x_hd.o(.text)
    UART4_IRQHandler                         0x080002db   Thumb Code     0  startup_stm32f10x_hd.o(.text)
    UART5_IRQHandler                         0x080002db   Thumb Code     0  startup_stm32f10x_hd.o(.text)
    USART1_IRQHandler                        0x080002db   Thumb Code     0  startup_stm32f10x_hd.o(.text)
    USART3_IRQHandler                        0x080002db   Thumb Code     0  startup_stm32f10x_hd.o(.text)
    USBWakeUp_IRQHandler                     0x080002db   Thumb Code     0  startup_stm32f10x_hd.o(.text)
    USB_HP_CAN1_TX_IRQHandler                0x080002db   Thumb Code     0  startup_stm32f10x_hd.o(.text)
    USB_LP_CAN1_RX0_IRQHandler               0x080002db   Thumb Code     0  startup_stm32f10x_hd.o(.text)
    WWDG_IRQHandler                          0x080002db   Thumb Code     0  startup_stm32f10x_hd.o(.text)
    __user_initial_stackheap                 0x080002dd   Thumb Code     0  startup_stm32f10x_hd.o(.text)
    __c89vsprintf                            0x08000301   Thumb Code    32  c89vsprintf.o(.text)
    __2sprintf                               0x08000325   Thumb Code    38  __2sprintf.o(.text)
    _printf_str                              0x08000351   Thumb Code    82  _printf_str.o(.text)
    _printf_int_dec                          0x080003a5   Thumb Code   104  _printf_dec.o(.text)
    __printf                                 0x0800041d   Thumb Code   388  __printf_flags_ss_wp.o(.text)
    strstr                                   0x080005a5   Thumb Code    36  strstr.o(.text)
    strlen                                   0x080005c9   Thumb Code    62  strlen.o(.text)
    __aeabi_memcpy                           0x08000607   Thumb Code     0  rt_memcpy_v6.o(.text)
    __rt_memcpy                              0x08000607   Thumb Code   138  rt_memcpy_v6.o(.text)
    _memcpy_lastbytes                        0x0800066d   Thumb Code     0  rt_memcpy_v6.o(.text)
    __aeabi_memcpy4                          0x08000691   Thumb Code     0  rt_memcpy_w.o(.text)
    __aeabi_memcpy8                          0x08000691   Thumb Code     0  rt_memcpy_w.o(.text)
    __rt_memcpy_w                            0x08000691   Thumb Code   100  rt_memcpy_w.o(.text)
    _memcpy_lastbytes_aligned                0x080006d9   Thumb Code     0  rt_memcpy_w.o(.text)
    __aeabi_memset                           0x080006f5   Thumb Code    16  aeabi_memset.o(.text)
    __aeabi_memclr                           0x08000705   Thumb Code     0  rt_memclr.o(.text)
    __rt_memclr                              0x08000705   Thumb Code    68  rt_memclr.o(.text)
    _memset                                  0x08000709   Thumb Code     0  rt_memclr.o(.text)
    __aeabi_memclr4                          0x08000749   Thumb Code     0  rt_memclr_w.o(.text)
    __aeabi_memclr8                          0x08000749   Thumb Code     0  rt_memclr_w.o(.text)
    __rt_memclr_w                            0x08000749   Thumb Code    78  rt_memclr_w.o(.text)
    _memset_w                                0x0800074d   Thumb Code     0  rt_memclr_w.o(.text)
    __use_two_region_memory                  0x08000797   Thumb Code     2  heapauxi.o(.text)
    __rt_heap_escrow$2region                 0x08000799   Thumb Code     2  heapauxi.o(.text)
    __rt_heap_expand$2region                 0x0800079b   Thumb Code     2  heapauxi.o(.text)
    _printf_pre_padding                      0x0800079d   Thumb Code    44  _printf_pad.o(.text)
    _printf_post_padding                     0x080007c9   Thumb Code    34  _printf_pad.o(.text)
    _printf_truncate_signed                  0x080007eb   Thumb Code    18  _printf_truncate.o(.text)
    _printf_truncate_unsigned                0x080007fd   Thumb Code    18  _printf_truncate.o(.text)
    _printf_int_common                       0x0800080f   Thumb Code   178  _printf_intcommon.o(.text)
    _printf_charcount                        0x080008c1   Thumb Code    40  _printf_charcount.o(.text)
    __lib_sel_fp_printf                      0x080008e9   Thumb Code     2  _printf_fp_dec.o(.text)
    _printf_fp_dec_real                      0x08000a9b   Thumb Code   620  _printf_fp_dec.o(.text)
    _printf_char_common                      0x08000d13   Thumb Code    32  _printf_char_common.o(.text)
    _sputc                                   0x08000d39   Thumb Code    10  _sputc.o(.text)
    _printf_cs_common                        0x08000d43   Thumb Code    20  _printf_char.o(.text)
    _printf_char                             0x08000d57   Thumb Code    16  _printf_char.o(.text)
    _printf_string                           0x08000d67   Thumb Code     8  _printf_char.o(.text)
    _printf_wctomb                           0x08000d71   Thumb Code   182  _printf_wctomb.o(.text)
    _printf_longlong_dec                     0x08000e2d   Thumb Code   108  _printf_longlong_dec.o(.text)
    _printf_longlong_oct                     0x08000ea9   Thumb Code    66  _printf_oct_int_ll.o(.text)
    _printf_int_oct                          0x08000eeb   Thumb Code    24  _printf_oct_int_ll.o(.text)
    _printf_ll_oct                           0x08000f03   Thumb Code    12  _printf_oct_int_ll.o(.text)
    _printf_longlong_hex                     0x08000f19   Thumb Code    86  _printf_hex_int_ll_ptr.o(.text)
    _printf_int_hex                          0x08000f6f   Thumb Code    28  _printf_hex_int_ll_ptr.o(.text)
    _printf_ll_hex                           0x08000f8b   Thumb Code    12  _printf_hex_int_ll_ptr.o(.text)
    _printf_hex_ptr                          0x08000f97   Thumb Code    18  _printf_hex_int_ll_ptr.o(.text)
    __rt_locale                              0x08000fad   Thumb Code     8  rt_locale_intlibspace.o(.text)
    _ll_udiv10                               0x08000fb5   Thumb Code   138  lludiv10.o(.text)
    _printf_fp_infnan                        0x08001041   Thumb Code   112  _printf_fp_infnan.o(.text)
    _printf_lcs_common                       0x080010c1   Thumb Code    20  _printf_wchar.o(.text)
    _printf_wchar                            0x080010d5   Thumb Code    16  _printf_wchar.o(.text)
    _printf_wstring                          0x080010e5   Thumb Code     8  _printf_wchar.o(.text)
    _btod_etento                             0x080010ed   Thumb Code   224  bigflt0.o(.text)
    _wcrtomb                                 0x080011d1   Thumb Code    64  _wcrtomb.o(.text)
    __user_libspace                          0x08001211   Thumb Code     8  libspace.o(.text)
    __user_perproc_libspace                  0x08001211   Thumb Code     0  libspace.o(.text)
    __user_perthread_libspace                0x08001211   Thumb Code     0  libspace.o(.text)
    __user_setup_stackheap                   0x08001219   Thumb Code    74  sys_stackheap_outer.o(.text)
    __rt_ctype_table                         0x08001265   Thumb Code    16  rt_ctype_table.o(.text)
    exit                                     0x08001275   Thumb Code    18  exit.o(.text)
    strcmp                                   0x08001289   Thumb Code   128  strcmpv7m.o(.text)
    _sys_exit                                0x08001309   Thumb Code     8  sys_exit.o(.text)
    __I$use$semihosting                      0x08001315   Thumb Code     0  use_no_semi.o(.text)
    __use_no_semihosting_swi                 0x08001315   Thumb Code     2  use_no_semi.o(.text)
    __semihosting_library_function           0x08001317   Thumb Code     0  indicate_semi.o(.text)
    _btod_d2e                                0x08001317   Thumb Code    62  btod.o(CL$$btod_d2e)
    _d2e_denorm_low                          0x08001355   Thumb Code    70  btod.o(CL$$btod_d2e_denorm_low)
    _d2e_norm_op1                            0x0800139b   Thumb Code    96  btod.o(CL$$btod_d2e_norm_op1)
    __btod_div_common                        0x080013fb   Thumb Code   696  btod.o(CL$$btod_div_common)
    _e2e                                     0x08001733   Thumb Code   220  btod.o(CL$$btod_e2e)
    _btod_ediv                               0x0800180f   Thumb Code    42  btod.o(CL$$btod_ediv)
    _btod_emul                               0x08001839   Thumb Code    42  btod.o(CL$$btod_emul)
    __btod_mult_common                       0x08001863   Thumb Code   580  btod.o(CL$$btod_mult_common)
    ADC_Cmd                                  0x08001aa7   Thumb Code    22  stm32f10x_adc.o(i.ADC_Cmd)
    ADC_DeInit                               0x08001abd   Thumb Code    78  stm32f10x_adc.o(i.ADC_DeInit)
    ADC_GetCalibrationStatus                 0x08001b19   Thumb Code    20  stm32f10x_adc.o(i.ADC_GetCalibrationStatus)
    ADC_GetConversionValue                   0x08001b2d   Thumb Code     8  stm32f10x_adc.o(i.ADC_GetConversionValue)
    ADC_GetFlagStatus                        0x08001b35   Thumb Code    18  stm32f10x_adc.o(i.ADC_GetFlagStatus)
    ADC_GetResetCalibrationStatus            0x08001b47   Thumb Code    20  stm32f10x_adc.o(i.ADC_GetResetCalibrationStatus)
    ADC_Init                                 0x08001b5d   Thumb Code    70  stm32f10x_adc.o(i.ADC_Init)
    ADC_RegularChannelConfig                 0x08001bad   Thumb Code   184  stm32f10x_adc.o(i.ADC_RegularChannelConfig)
    ADC_ResetCalibration                     0x08001c65   Thumb Code    10  stm32f10x_adc.o(i.ADC_ResetCalibration)
    ADC_SoftwareStartConvCmd                 0x08001c6f   Thumb Code    22  stm32f10x_adc.o(i.ADC_SoftwareStartConvCmd)
    ADC_StartCalibration                     0x08001c85   Thumb Code    10  stm32f10x_adc.o(i.ADC_StartCalibration)
    Adc_Init                                 0x08001c91   Thumb Code   132  adc.o(i.Adc_Init)
    AliIoT_Parameter_Init                    0x08001d1d   Thumb Code   194  mqtt.o(i.AliIoT_Parameter_Init)
    BusFault_Handler                         0x08001efd   Thumb Code     2  stm32f10x_it.o(i.BusFault_Handler)
    CMDBuf_Deal                              0x08001f01   Thumb Code    96  mqtt.o(i.CMDBuf_Deal)
    DHT11_Check                              0x08001f6d   Thumb Code    98  dht11.o(i.DHT11_Check)
    DHT11_Init                               0x08001fed   Thumb Code    46  dht11.o(i.DHT11_Init)
    DHT11_Read_Bit                           0x08002021   Thumb Code    70  dht11.o(i.DHT11_Read_Bit)
    DHT11_Read_Byte                          0x0800206d   Thumb Code    30  dht11.o(i.DHT11_Read_Byte)
    DHT11_Read_Data                          0x0800208b   Thumb Code    88  dht11.o(i.DHT11_Read_Data)
    DHT11_Rst                                0x080020e5   Thumb Code    52  dht11.o(i.DHT11_Rst)
    DebugMon_Handler                         0x08002125   Thumb Code     2  stm32f10x_it.o(i.DebugMon_Handler)
    Delay_Init                               0x08002127   Thumb Code    12  delay.o(i.Delay_Init)
    Delay_Ms                                 0x08002135   Thumb Code   242  delay.o(i.Delay_Ms)
    Delay_Us                                 0x0800222d   Thumb Code    66  delay.o(i.Delay_Us)
    EXTI0_IRQHandler                         0x08002271   Thumb Code    64  stm32f10x_it.o(i.EXTI0_IRQHandler)
    EXTI1_IRQHandler                         0x080022bd   Thumb Code    64  stm32f10x_it.o(i.EXTI1_IRQHandler)
    EXTI_ClearITPendingBit                   0x08002309   Thumb Code     6  stm32f10x_exti.o(i.EXTI_ClearITPendingBit)
    EXTI_GetITStatus                         0x08002315   Thumb Code    34  stm32f10x_exti.o(i.EXTI_GetITStatus)
    EXTI_Init                                0x0800233d   Thumb Code   142  stm32f10x_exti.o(i.EXTI_Init)
    GPIO_Init                                0x080023d1   Thumb Code   278  stm32f10x_gpio.o(i.GPIO_Init)
    GPIO_ReadInputDataBit                    0x080024e7   Thumb Code    18  stm32f10x_gpio.o(i.GPIO_ReadInputDataBit)
    GPIO_ResetBits                           0x080024f9   Thumb Code     4  stm32f10x_gpio.o(i.GPIO_ResetBits)
    GPIO_SetBits                             0x080024fd   Thumb Code     4  stm32f10x_gpio.o(i.GPIO_SetBits)
    GPIO_WriteBit                            0x08002501   Thumb Code    10  stm32f10x_gpio.o(i.GPIO_WriteBit)
    Get_Adc                                  0x0800250d   Thumb Code    46  adc.o(i.Get_Adc)
    Get_Adc_Average                          0x08002541   Thumb Code    46  adc.o(i.Get_Adc_Average)
    HardFault_Handler                        0x0800256f   Thumb Code     2  stm32f10x_it.o(i.HardFault_Handler)
    IIC_Start                                0x08002571   Thumb Code    44  oled_1.o(i.IIC_Start)
    IIC_Stop                                 0x080025a1   Thumb Code    34  oled_1.o(i.IIC_Stop)
    IIC_Wait_Ack                             0x080025c9   Thumb Code    24  oled_1.o(i.IIC_Wait_Ack)
    KEY_Init                                 0x080025e5   Thumb Code   164  key.o(i.KEY_Init)
    LED_AllOff                               0x0800268d   Thumb Code    40  led.o(i.LED_AllOff)
    LED_Init                                 0x080026bd   Thumb Code    52  led.o(i.LED_Init)
    MQTT_Buff_Init                           0x080026f5   Thumb Code    80  mqtt.o(i.MQTT_Buff_Init)
    MQTT_Buff_ReInit                         0x08002791   Thumb Code   172  mqtt.o(i.MQTT_Buff_ReInit)
    MQTT_ConectPack                          0x08002881   Thumb Code   496  mqtt.o(i.MQTT_ConectPack)
    MQTT_DealPushdata_Qs0                    0x08002a99   Thumb Code   238  mqtt.o(i.MQTT_DealPushdata_Qs0)
    MQTT_PingREQ                             0x08002ba5   Thumb Code    22  mqtt.o(i.MQTT_PingREQ)
    MQTT_PublishQs0                          0x08002bc1   Thumb Code   220  mqtt.o(i.MQTT_PublishQs0)
    MQTT_Subscribe                           0x08002cad   Thumb Code   134  mqtt.o(i.MQTT_Subscribe)
    MemManage_Handler                        0x08002d45   Thumb Code     2  stm32f10x_it.o(i.MemManage_Handler)
    NMI_Handler                              0x08002d47   Thumb Code     2  stm32f10x_it.o(i.NMI_Handler)
    NVIC_Init                                0x08002d49   Thumb Code   100  misc.o(i.NVIC_Init)
    NVIC_PriorityGroupConfig                 0x08002db9   Thumb Code    10  misc.o(i.NVIC_PriorityGroupConfig)
    OLED_Clear                               0x08002dcd   Thumb Code    62  oled_1.o(i.OLED_Clear)
    OLED_Dis_DHT                             0x08002e0b   Thumb Code    58  oled_1.o(i.OLED_Dis_DHT)
    OLED_Dis_Menu                            0x08002e45   Thumb Code   160  oled_1.o(i.OLED_Dis_Menu)
    OLED_Init                                0x08002ee5   Thumb Code   274  oled_1.o(i.OLED_Init)
    OLED_Set_Pos                             0x08002ffd   Thumb Code    40  oled_1.o(i.OLED_Set_Pos)
    OLED_ShowCHinese                         0x08003025   Thumb Code    98  oled_1.o(i.OLED_ShowCHinese)
    OLED_ShowChar                            0x0800308d   Thumb Code   154  oled_1.o(i.OLED_ShowChar)
    OLED_ShowNum                             0x08003131   Thumb Code   136  oled_1.o(i.OLED_ShowNum)
    OLED_WR_Byte                             0x080031b9   Thumb Code    24  oled_1.o(i.OLED_WR_Byte)
    PendSV_Handler                           0x080031d1   Thumb Code     2  stm32f10x_it.o(i.PendSV_Handler)
    RCC_ADCCLKConfig                         0x080031d5   Thumb Code    18  stm32f10x_rcc.o(i.RCC_ADCCLKConfig)
    RCC_APB1PeriphClockCmd                   0x080031ed   Thumb Code    26  stm32f10x_rcc.o(i.RCC_APB1PeriphClockCmd)
    RCC_APB1PeriphResetCmd                   0x0800320d   Thumb Code    26  stm32f10x_rcc.o(i.RCC_APB1PeriphResetCmd)
    RCC_APB2PeriphClockCmd                   0x0800322d   Thumb Code    26  stm32f10x_rcc.o(i.RCC_APB2PeriphClockCmd)
    RCC_APB2PeriphResetCmd                   0x0800324d   Thumb Code    26  stm32f10x_rcc.o(i.RCC_APB2PeriphResetCmd)
    RCC_GetClocksFreq                        0x0800326d   Thumb Code   192  stm32f10x_rcc.o(i.RCC_GetClocksFreq)
    SVC_Handler                              0x08003341   Thumb Code     2  stm32f10x_it.o(i.SVC_Handler)
    SysTick_CLKSourceConfig                  0x0800342d   Thumb Code    40  misc.o(i.SysTick_CLKSourceConfig)
    SysTick_Handler                          0x08003455   Thumb Code     2  stm32f10x_it.o(i.SysTick_Handler)
    SystemInit                               0x08003459   Thumb Code    78  system_stm32f10x.o(i.SystemInit)
    TIM2_ENABLE_10S                          0x080034b9   Thumb Code   118  timer2.o(i.TIM2_ENABLE_10S)
    TIM2_IRQHandler                          0x0800352f   Thumb Code    26  stm32f10x_it.o(i.TIM2_IRQHandler)
    TIM3_ENABLE_20S                          0x08003549   Thumb Code   114  timer3.o(i.TIM3_ENABLE_20S)
    TIM3_ENABLE_2S                           0x080035c1   Thumb Code   116  timer3.o(i.TIM3_ENABLE_2S)
    TIM3_IRQHandler                          0x08003639   Thumb Code    94  stm32f10x_it.o(i.TIM3_IRQHandler)
    TIM4_ENABLE_2S                           0x080036a5   Thumb Code   114  timer4.o(i.TIM4_ENABLE_2S)
    TIM4_IRQHandler                          0x0800371d   Thumb Code   122  stm32f10x_it.o(i.TIM4_IRQHandler)
    TIM4_Init                                0x080037b5   Thumb Code   106  timer4.o(i.TIM4_Init)
    TIM5_IRQHandler                          0x08003825   Thumb Code    26  stm32f10x_it.o(i.TIM5_IRQHandler)
    TIME4_DISABLE                            0x08003845   Thumb Code    50  timer4.o(i.TIME4_DISABLE)
    TIM_ClearITPendingBit                    0x0800387d   Thumb Code     6  stm32f10x_tim.o(i.TIM_ClearITPendingBit)
    TIM_Cmd                                  0x08003883   Thumb Code    24  stm32f10x_tim.o(i.TIM_Cmd)
    TIM_DeInit                               0x0800389d   Thumb Code   424  stm32f10x_tim.o(i.TIM_DeInit)
    TIM_GetITStatus                          0x08003a85   Thumb Code    34  stm32f10x_tim.o(i.TIM_GetITStatus)
    TIM_ITConfig                             0x08003aa7   Thumb Code    18  stm32f10x_tim.o(i.TIM_ITConfig)
    TIM_SetCounter                           0x08003ab9   Thumb Code     4  stm32f10x_tim.o(i.TIM_SetCounter)
    TIM_TimeBaseInit                         0x08003abd   Thumb Code   122  stm32f10x_tim.o(i.TIM_TimeBaseInit)
    TempHumi_State                           0x08003b61   Thumb Code   436  main.o(i.TempHumi_State)
    TxDataBuf_Deal                           0x08003d9d   Thumb Code    86  mqtt.o(i.TxDataBuf_Deal)
    USART2_IRQHandler                        0x08003e01   Thumb Code   104  stm32f10x_it.o(i.USART2_IRQHandler)
    USART_ClearFlag                          0x08003e7d   Thumb Code    18  stm32f10x_usart.o(i.USART_ClearFlag)
    USART_Cmd                                0x08003e8f   Thumb Code    24  stm32f10x_usart.o(i.USART_Cmd)
    USART_DeInit                             0x08003ea9   Thumb Code   134  stm32f10x_usart.o(i.USART_DeInit)
    USART_GetITStatus                        0x08003f45   Thumb Code    84  stm32f10x_usart.o(i.USART_GetITStatus)
    USART_ITConfig                           0x08003f99   Thumb Code    74  stm32f10x_usart.o(i.USART_ITConfig)
    USART_Init                               0x08003fe5   Thumb Code   210  stm32f10x_usart.o(i.USART_Init)
    UsageFault_Handler                       0x080040bd   Thumb Code     2  stm32f10x_it.o(i.UsageFault_Handler)
    Usart1_Init                              0x080040c1   Thumb Code   118  usart1.o(i.Usart1_Init)
    Usart2_Init                              0x08004141   Thumb Code   176  usart2.o(i.Usart2_Init)
    WiFi_Connect_IoTServer                   0x080041f9   Thumb Code   404  wifi.o(i.WiFi_Connect_IoTServer)
    WiFi_Connect_Server                      0x08004709   Thumb Code   190  wifi.o(i.WiFi_Connect_Server)
    WiFi_JoinAP                              0x0800485d   Thumb Code    88  wifi.o(i.WiFi_JoinAP)
    WiFi_Reset                               0x08004909   Thumb Code    80  wifi.o(i.WiFi_Reset)
    WiFi_ResetIO_Init                        0x08004971   Thumb Code    48  wifi.o(i.WiFi_ResetIO_Init)
    WiFi_SendCmd                             0x080049a5   Thumb Code    86  wifi.o(i.WiFi_SendCmd)
    WiFi_Smartconfig                         0x08004a19   Thumb Code    78  wifi.o(i.WiFi_Smartconfig)
    WiFi_WaitAP                              0x08004a85   Thumb Code    62  wifi.o(i.WiFi_WaitAP)
    Write_IIC_Byte                           0x08004add   Thumb Code    88  oled_1.o(i.Write_IIC_Byte)
    Write_IIC_Command                        0x08004b39   Thumb Code    44  oled_1.o(i.Write_IIC_Command)
    Write_IIC_Data                           0x08004b65   Thumb Code    44  oled_1.o(i.Write_IIC_Data)
    __ARM_fpclassify                         0x08004b91   Thumb Code    40  fpclassify.o(i.__ARM_fpclassify)
    _is_digit                                0x08004bb9   Thumb Code    14  __printf_wp.o(i._is_digit)
    find                                     0x08004bc9   Thumb Code   184  main.o(i.find)
    main                                     0x08004c8d   Thumb Code   842  main.o(i.main)
    oled_pow                                 0x080051fd   Thumb Code    22  oled_1.o(i.oled_pow)
    u1_printf                                0x08005215   Thumb Code    84  usart1.o(i.u1_printf)
    u2_TxData                                0x08005271   Thumb Code    58  usart2.o(i.u2_TxData)
    u2_printf                                0x080052b1   Thumb Code    84  usart2.o(i.u2_printf)
    utils_hb2hex                             0x0800530d   Thumb Code    24  utils_md5.o(i.utils_hb2hex)
    utils_hmac_sha1                          0x08005325   Thumb Code   232  utils_hmac.o(i.utils_hmac_sha1)
    utils_sha1_finish                        0x0800540d   Thumb Code   228  utils_sha1.o(i.utils_sha1_finish)
    utils_sha1_init                          0x080054f5   Thumb Code    14  utils_sha1.o(i.utils_sha1_init)
    utils_sha1_process                       0x08005505   Thumb Code  6420  utils_sha1.o(i.utils_sha1_process)
    utils_sha1_starts                        0x08006e21   Thumb Code    30  utils_sha1.o(i.utils_sha1_starts)
    utils_sha1_update                        0x08006e4d   Thumb Code   124  utils_sha1.o(i.utils_sha1_update)
    _get_lc_numeric                          0x08006ec9   Thumb Code    44  lc_numeric_c.o(locale$$code)
    _get_lc_ctype                            0x08006ef5   Thumb Code    44  lc_ctype_c.o(locale$$code)
    __aeabi_d2f                              0x08006f21   Thumb Code     0  d2f.o(x$fpl$d2f)
    _d2f                                     0x08006f21   Thumb Code    98  d2f.o(x$fpl$d2f)
    __aeabi_ddiv                             0x08006f85   Thumb Code     0  ddiv.o(x$fpl$ddiv)
    _ddiv                                    0x08006f85   Thumb Code   552  ddiv.o(x$fpl$ddiv)
    __aeabi_i2d                              0x08007235   Thumb Code     0  dflt_clz.o(x$fpl$dflt)
    _dflt                                    0x08007235   Thumb Code    46  dflt_clz.o(x$fpl$dflt)
    __aeabi_dmul                             0x08007265   Thumb Code     0  dmul.o(x$fpl$dmul)
    _dmul                                    0x08007265   Thumb Code   332  dmul.o(x$fpl$dmul)
    __fpl_dnaninf                            0x080073b9   Thumb Code   156  dnaninf.o(x$fpl$dnaninf)
    __fpl_dretinf                            0x08007455   Thumb Code    12  dretinf.o(x$fpl$dretinf)
    __aeabi_f2d                              0x08007461   Thumb Code     0  f2d.o(x$fpl$f2d)
    _f2d                                     0x08007461   Thumb Code    86  f2d.o(x$fpl$f2d)
    __aeabi_fadd                             0x080074b9   Thumb Code     0  faddsub_clz.o(x$fpl$fadd)
    _fadd                                    0x080074b9   Thumb Code   196  faddsub_clz.o(x$fpl$fadd)
    __fpl_fcmp_Inf                           0x0800757d   Thumb Code    24  fcmpi.o(x$fpl$fcmpinf)
    __aeabi_fdiv                             0x08007595   Thumb Code     0  fdiv.o(x$fpl$fdiv)
    _fdiv                                    0x08007595   Thumb Code   384  fdiv.o(x$fpl$fdiv)
    __aeabi_f2iz                             0x08007719   Thumb Code     0  ffix.o(x$fpl$ffix)
    _ffix                                    0x08007719   Thumb Code    54  ffix.o(x$fpl$ffix)
    __aeabi_f2uiz                            0x08007751   Thumb Code     0  ffixu.o(x$fpl$ffixu)
    _ffixu                                   0x08007751   Thumb Code    62  ffixu.o(x$fpl$ffixu)
    __aeabi_i2f                              0x08007791   Thumb Code     0  fflt_clz.o(x$fpl$fflt)
    _fflt                                    0x08007791   Thumb Code    48  fflt_clz.o(x$fpl$fflt)
    __aeabi_ui2f                             0x080077c1   Thumb Code     0  fflt_clz.o(x$fpl$ffltu)
    _ffltu                                   0x080077c1   Thumb Code    38  fflt_clz.o(x$fpl$ffltu)
    __aeabi_cfcmple                          0x080077e9   Thumb Code     0  fleqf.o(x$fpl$fleqf)
    _fcmple                                  0x080077e9   Thumb Code   104  fleqf.o(x$fpl$fleqf)
    __fpl_fcmple_InfNaN                      0x0800783b   Thumb Code     0  fleqf.o(x$fpl$fleqf)
    __aeabi_fmul                             0x08007851   Thumb Code     0  fmul.o(x$fpl$fmul)
    _fmul                                    0x08007851   Thumb Code   258  fmul.o(x$fpl$fmul)
    __fpl_fnaninf                            0x08007953   Thumb Code   140  fnaninf.o(x$fpl$fnaninf)
    __fpl_fretinf                            0x080079df   Thumb Code    10  fretinf.o(x$fpl$fretinf)
    __aeabi_cfrcmple                         0x080079e9   Thumb Code     0  frleqf.o(x$fpl$frleqf)
    _frcmple                                 0x080079e9   Thumb Code    98  frleqf.o(x$fpl$frleqf)
    __aeabi_fsub                             0x08007a4d   Thumb Code     0  faddsub_clz.o(x$fpl$fsub)
    _fsub                                    0x08007a4d   Thumb Code   234  faddsub_clz.o(x$fpl$fsub)
    _printf_fp_dec                           0x08007b37   Thumb Code     4  printf1.o(x$fpl$printf1)
    F6x8                                     0x08007b3a   Data         552  oled_1.o(.constdata)
    __I$use$fp                               0x08007b3a   Number         0  usenofp.o(x$fpl$usenofp)
    F8X16                                    0x08007d62   Data        1520  oled_1.o(.constdata)
    Region$$Table$$Base                      0x08008468   Number         0  anon$$obj.o(Region$$Table)
    Region$$Table$$Limit                     0x08008488   Number         0  anon$$obj.o(Region$$Table)
    __ctype                                  0x080084b1   Data           0  lc_ctype_c.o(locale$$data)
    temp_al                                  0x20000000   Data           4  main.o(.data)
    hui_al                                   0x20000004   Data           4  main.o(.data)
    smo_al                                   0x20000008   Data           4  main.o(.data)
    auto_flag                                0x2000000c   Data           4  main.o(.data)
    adc                                      0x20000010   Data           4  main.o(.data)
    volt                                     0x20000014   Data           4  main.o(.data)
    LED1_Flog                                0x20000018   Data           4  main.o(.data)
    LED2_Flog                                0x2000001c   Data           4  main.o(.data)
    Usart2_RxCompleted                       0x20000020   Data           1  usart2.o(.data)
    Usart2_RxCounter                         0x20000024   Data           4  usart2.o(.data)
    wifi_mode                                0x20000028   Data           1  wifi.o(.data)
    MQTT_RxDataInPtr                         0x2000002c   Data           4  mqtt.o(.data)
    MQTT_RxDataOutPtr                        0x20000030   Data           4  mqtt.o(.data)
    MQTT_RxDataEndPtr                        0x20000034   Data           4  mqtt.o(.data)
    MQTT_TxDataInPtr                         0x20000038   Data           4  mqtt.o(.data)
    MQTT_TxDataOutPtr                        0x2000003c   Data           4  mqtt.o(.data)
    MQTT_TxDataEndPtr                        0x20000040   Data           4  mqtt.o(.data)
    MQTT_CMDInPtr                            0x20000044   Data           4  mqtt.o(.data)
    MQTT_CMDOutPtr                           0x20000048   Data           4  mqtt.o(.data)
    MQTT_CMDEndPtr                           0x2000004c   Data           4  mqtt.o(.data)
    ClientID_len                             0x20000050   Data           4  mqtt.o(.data)
    Username_len                             0x20000054   Data           4  mqtt.o(.data)
    Passward_len                             0x20000058   Data           4  mqtt.o(.data)
    ServerPort                               0x2000005c   Data           4  mqtt.o(.data)
    Fixed_len                                0x20000060   Data           4  mqtt.o(.data)
    Variable_len                             0x20000064   Data           4  mqtt.o(.data)
    Payload_len                              0x20000068   Data           4  mqtt.o(.data)
    Ping_flag                                0x2000006c   Data           1  mqtt.o(.data)
    Connect_flag                             0x2000006d   Data           1  mqtt.o(.data)
    ConnectPack_flag                         0x2000006e   Data           1  mqtt.o(.data)
    SubcribePack_flag                        0x2000006f   Data           1  mqtt.o(.data)
    Hzk                                      0x20000070   Data        1408  oled_1.o(.data)
    Usart1_TxBuff                            0x20000608   Data         256  usart1.o(.bss)
    Usart2_RxBuff                            0x20000708   Data        1024  usart2.o(.bss)
    USART2_TxBuff                            0x20000b08   Data        1024  usart2.o(.bss)
    MQTT_RxDataBuf                           0x20000f08   Data        4096  mqtt.o(.bss)
    MQTT_TxDataBuf                           0x20001f08   Data        4096  mqtt.o(.bss)
    MQTT_CMDBuf                              0x20002f08   Data        4096  mqtt.o(.bss)
    ClientID                                 0x20003f08   Data         128  mqtt.o(.bss)
    Username                                 0x20003f88   Data         128  mqtt.o(.bss)
    Passward                                 0x20004008   Data         128  mqtt.o(.bss)
    ServerIP                                 0x20004088   Data         128  mqtt.o(.bss)
    temp_buff                                0x20004108   Data         512  mqtt.o(.bss)
    __libspace_start                         0x20004308   Data          96  libspace.o(.bss)
    __temporary_stack_top$libspace           0x20004368   Data           0  libspace.o(.bss)



==============================================================================

Memory Map of the image

  Image Entry point : 0x080002c1

  Load Region LR_1 (Base: 0x08000000, Size: 0x00008bb8, Max: 0xffffffff, ABSOLUTE, COMPRESSED[0x00008a14])

    Execution Region ER_RO (Exec base: 0x08000000, Load base: 0x08000000, Size: 0x000085b4, Max: 0xffffffff, ABSOLUTE)

    Exec Addr    Load Addr    Size         Type   Attr      Idx    E Section Name        Object

    0x08000000   0x08000000   0x00000130   Data   RO          939    RESET               startup_stm32f10x_hd.o
    0x08000130   0x08000130   0x00000008   Code   RO         4131  * !!!main             c_w.l(__main.o)
    0x08000138   0x08000138   0x00000034   Code   RO         4473    !!!scatter          c_w.l(__scatter.o)
    0x0800016c   0x0800016c   0x00000064   Code   RO         4471    !!dclz77c           c_w.l(__dclz77c.o)
    0x080001d0   0x080001d0   0x0000001c   Code   RO         4475    !!handler_zi        c_w.l(__scatter_zi.o)
    0x080001ec   0x080001ec   0x00000000   Code   RO         4114    .ARM.Collect$$_printf_percent$$00000000  c_w.l(_printf_percent.o)
    0x080001ec   0x080001ec   0x00000006   Code   RO         4229    .ARM.Collect$$_printf_percent$$00000001  c_w.l(_printf_n.o)
    0x080001f2   0x080001f2   0x00000006   Code   RO         4231    .ARM.Collect$$_printf_percent$$00000002  c_w.l(_printf_p.o)
    0x080001f8   0x080001f8   0x00000006   Code   RO         4113    .ARM.Collect$$_printf_percent$$00000003  c_w.l(_printf_f.o)
    0x080001fe   0x080001fe   0x00000006   Code   RO         4235    .ARM.Collect$$_printf_percent$$00000004  c_w.l(_printf_e.o)
    0x08000204   0x08000204   0x00000006   Code   RO         4236    .ARM.Collect$$_printf_percent$$00000005  c_w.l(_printf_g.o)
    0x0800020a   0x0800020a   0x00000006   Code   RO         4237    .ARM.Collect$$_printf_percent$$00000006  c_w.l(_printf_a.o)
    0x08000210   0x08000210   0x0000000a   Code   RO         4242    .ARM.Collect$$_printf_percent$$00000007  c_w.l(_printf_ll.o)
    0x0800021a   0x0800021a   0x00000006   Code   RO         4233    .ARM.Collect$$_printf_percent$$00000008  c_w.l(_printf_i.o)
    0x08000220   0x08000220   0x00000006   Code   RO         4112    .ARM.Collect$$_printf_percent$$00000009  c_w.l(_printf_d.o)
    0x08000226   0x08000226   0x00000006   Code   RO         4234    .ARM.Collect$$_printf_percent$$0000000A  c_w.l(_printf_u.o)
    0x0800022c   0x0800022c   0x00000006   Code   RO         4232    .ARM.Collect$$_printf_percent$$0000000B  c_w.l(_printf_o.o)
    0x08000232   0x08000232   0x00000006   Code   RO         4230    .ARM.Collect$$_printf_percent$$0000000C  c_w.l(_printf_x.o)
    0x08000238   0x08000238   0x00000006   Code   RO         4239    .ARM.Collect$$_printf_percent$$0000000D  c_w.l(_printf_lli.o)
    0x0800023e   0x0800023e   0x00000006   Code   RO         4240    .ARM.Collect$$_printf_percent$$0000000E  c_w.l(_printf_lld.o)
    0x08000244   0x08000244   0x00000006   Code   RO         4241    .ARM.Collect$$_printf_percent$$0000000F  c_w.l(_printf_llu.o)
    0x0800024a   0x0800024a   0x00000006   Code   RO         4246    .ARM.Collect$$_printf_percent$$00000010  c_w.l(_printf_llo.o)
    0x08000250   0x08000250   0x00000006   Code   RO         4247    .ARM.Collect$$_printf_percent$$00000011  c_w.l(_printf_llx.o)
    0x08000256   0x08000256   0x0000000a   Code   RO         4243    .ARM.Collect$$_printf_percent$$00000012  c_w.l(_printf_l.o)
    0x08000260   0x08000260   0x00000006   Code   RO         4228    .ARM.Collect$$_printf_percent$$00000013  c_w.l(_printf_c.o)
    0x08000266   0x08000266   0x00000006   Code   RO         4111    .ARM.Collect$$_printf_percent$$00000014  c_w.l(_printf_s.o)
    0x0800026c   0x0800026c   0x00000006   Code   RO         4244    .ARM.Collect$$_printf_percent$$00000015  c_w.l(_printf_lc.o)
    0x08000272   0x08000272   0x00000006   Code   RO         4245    .ARM.Collect$$_printf_percent$$00000016  c_w.l(_printf_ls.o)
    0x08000278   0x08000278   0x00000004   Code   RO         4238    .ARM.Collect$$_printf_percent$$00000017  c_w.l(_printf_percent_end.o)
    0x0800027c   0x0800027c   0x00000002   Code   RO         4339    .ARM.Collect$$libinit$$00000000  c_w.l(libinit.o)
    0x0800027e   0x0800027e   0x00000000   Code   RO         4341    .ARM.Collect$$libinit$$00000002  c_w.l(libinit2.o)
    0x0800027e   0x0800027e   0x00000000   Code   RO         4343    .ARM.Collect$$libinit$$00000004  c_w.l(libinit2.o)
    0x0800027e   0x0800027e   0x00000000   Code   RO         4346    .ARM.Collect$$libinit$$0000000A  c_w.l(libinit2.o)
    0x0800027e   0x0800027e   0x00000000   Code   RO         4348    .ARM.Collect$$libinit$$0000000C  c_w.l(libinit2.o)
    0x0800027e   0x0800027e   0x00000000   Code   RO         4350    .ARM.Collect$$libinit$$0000000E  c_w.l(libinit2.o)
    0x0800027e   0x0800027e   0x00000006   Code   RO         4351    .ARM.Collect$$libinit$$0000000F  c_w.l(libinit2.o)
    0x08000284   0x08000284   0x00000000   Code   RO         4353    .ARM.Collect$$libinit$$00000011  c_w.l(libinit2.o)
    0x08000284   0x08000284   0x0000000c   Code   RO         4354    .ARM.Collect$$libinit$$00000012  c_w.l(libinit2.o)
    0x08000290   0x08000290   0x00000000   Code   RO         4355    .ARM.Collect$$libinit$$00000013  c_w.l(libinit2.o)
    0x08000290   0x08000290   0x00000000   Code   RO         4357    .ARM.Collect$$libinit$$00000015  c_w.l(libinit2.o)
    0x08000290   0x08000290   0x0000000a   Code   RO         4358    .ARM.Collect$$libinit$$00000016  c_w.l(libinit2.o)
    0x0800029a   0x0800029a   0x00000000   Code   RO         4359    .ARM.Collect$$libinit$$00000017  c_w.l(libinit2.o)
    0x0800029a   0x0800029a   0x00000000   Code   RO         4361    .ARM.Collect$$libinit$$00000019  c_w.l(libinit2.o)
    0x0800029a   0x0800029a   0x00000000   Code   RO         4363    .ARM.Collect$$libinit$$0000001B  c_w.l(libinit2.o)
    0x0800029a   0x0800029a   0x00000000   Code   RO         4365    .ARM.Collect$$libinit$$0000001D  c_w.l(libinit2.o)
    0x0800029a   0x0800029a   0x00000000   Code   RO         4367    .ARM.Collect$$libinit$$0000001F  c_w.l(libinit2.o)
    0x0800029a   0x0800029a   0x00000000   Code   RO         4369    .ARM.Collect$$libinit$$00000021  c_w.l(libinit2.o)
    0x0800029a   0x0800029a   0x00000000   Code   RO         4371    .ARM.Collect$$libinit$$00000023  c_w.l(libinit2.o)
    0x0800029a   0x0800029a   0x00000000   Code   RO         4373    .ARM.Collect$$libinit$$00000025  c_w.l(libinit2.o)
    0x0800029a   0x0800029a   0x00000000   Code   RO         4377    .ARM.Collect$$libinit$$0000002C  c_w.l(libinit2.o)
    0x0800029a   0x0800029a   0x00000000   Code   RO         4379    .ARM.Collect$$libinit$$0000002E  c_w.l(libinit2.o)
    0x0800029a   0x0800029a   0x00000000   Code   RO         4381    .ARM.Collect$$libinit$$00000030  c_w.l(libinit2.o)
    0x0800029a   0x0800029a   0x00000000   Code   RO         4383    .ARM.Collect$$libinit$$00000032  c_w.l(libinit2.o)
    0x0800029a   0x0800029a   0x00000002   Code   RO         4384    .ARM.Collect$$libinit$$00000033  c_w.l(libinit2.o)
    0x0800029c   0x0800029c   0x00000002   Code   RO         4417    .ARM.Collect$$libshutdown$$00000000  c_w.l(libshutdown.o)
    0x0800029e   0x0800029e   0x00000000   Code   RO         4428    .ARM.Collect$$libshutdown$$00000002  c_w.l(libshutdown2.o)
    0x0800029e   0x0800029e   0x00000000   Code   RO         4430    .ARM.Collect$$libshutdown$$00000004  c_w.l(libshutdown2.o)
    0x0800029e   0x0800029e   0x00000000   Code   RO         4432    .ARM.Collect$$libshutdown$$00000006  c_w.l(libshutdown2.o)
    0x0800029e   0x0800029e   0x00000000   Code   RO         4435    .ARM.Collect$$libshutdown$$00000009  c_w.l(libshutdown2.o)
    0x0800029e   0x0800029e   0x00000000   Code   RO         4438    .ARM.Collect$$libshutdown$$0000000C  c_w.l(libshutdown2.o)
    0x0800029e   0x0800029e   0x00000000   Code   RO         4440    .ARM.Collect$$libshutdown$$0000000E  c_w.l(libshutdown2.o)
    0x0800029e   0x0800029e   0x00000000   Code   RO         4443    .ARM.Collect$$libshutdown$$00000011  c_w.l(libshutdown2.o)
    0x0800029e   0x0800029e   0x00000002   Code   RO         4444    .ARM.Collect$$libshutdown$$00000012  c_w.l(libshutdown2.o)
    0x080002a0   0x080002a0   0x00000000   Code   RO         4179    .ARM.Collect$$rtentry$$00000000  c_w.l(__rtentry.o)
    0x080002a0   0x080002a0   0x00000000   Code   RO         4260    .ARM.Collect$$rtentry$$00000002  c_w.l(__rtentry2.o)
    0x080002a0   0x080002a0   0x00000006   Code   RO         4272    .ARM.Collect$$rtentry$$00000004  c_w.l(__rtentry4.o)
    0x080002a6   0x080002a6   0x00000000   Code   RO         4262    .ARM.Collect$$rtentry$$00000009  c_w.l(__rtentry2.o)
    0x080002a6   0x080002a6   0x00000004   Code   RO         4263    .ARM.Collect$$rtentry$$0000000A  c_w.l(__rtentry2.o)
    0x080002aa   0x080002aa   0x00000000   Code   RO         4265    .ARM.Collect$$rtentry$$0000000C  c_w.l(__rtentry2.o)
    0x080002aa   0x080002aa   0x00000008   Code   RO         4266    .ARM.Collect$$rtentry$$0000000D  c_w.l(__rtentry2.o)
    0x080002b2   0x080002b2   0x00000002   Code   RO         4385    .ARM.Collect$$rtexit$$00000000  c_w.l(rtexit.o)
    0x080002b4   0x080002b4   0x00000000   Code   RO         4395    .ARM.Collect$$rtexit$$00000002  c_w.l(rtexit2.o)
    0x080002b4   0x080002b4   0x00000004   Code   RO         4396    .ARM.Collect$$rtexit$$00000003  c_w.l(rtexit2.o)
    0x080002b8   0x080002b8   0x00000006   Code   RO         4397    .ARM.Collect$$rtexit$$00000004  c_w.l(rtexit2.o)
    0x080002be   0x080002be   0x00000002   PAD
    0x080002c0   0x080002c0   0x00000040   Code   RO          940  * .text               startup_stm32f10x_hd.o
    0x08000300   0x08000300   0x00000024   Code   RO         4079    .text               c_w.l(c89vsprintf.o)
    0x08000324   0x08000324   0x0000002c   Code   RO         4081    .text               c_w.l(__2sprintf.o)
    0x08000350   0x08000350   0x00000052   Code   RO         4087    .text               c_w.l(_printf_str.o)
    0x080003a2   0x080003a2   0x00000002   PAD
    0x080003a4   0x080003a4   0x00000078   Code   RO         4089    .text               c_w.l(_printf_dec.o)
    0x0800041c   0x0800041c   0x00000188   Code   RO         4108    .text               c_w.l(__printf_flags_ss_wp.o)
    0x080005a4   0x080005a4   0x00000024   Code   RO         4115    .text               c_w.l(strstr.o)
    0x080005c8   0x080005c8   0x0000003e   Code   RO         4117    .text               c_w.l(strlen.o)
    0x08000606   0x08000606   0x0000008a   Code   RO         4119    .text               c_w.l(rt_memcpy_v6.o)
    0x08000690   0x08000690   0x00000064   Code   RO         4121    .text               c_w.l(rt_memcpy_w.o)
    0x080006f4   0x080006f4   0x00000010   Code   RO         4123    .text               c_w.l(aeabi_memset.o)
    0x08000704   0x08000704   0x00000044   Code   RO         4125    .text               c_w.l(rt_memclr.o)
    0x08000748   0x08000748   0x0000004e   Code   RO         4127    .text               c_w.l(rt_memclr_w.o)
    0x08000796   0x08000796   0x00000006   Code   RO         4129    .text               c_w.l(heapauxi.o)
    0x0800079c   0x0800079c   0x0000004e   Code   RO         4180    .text               c_w.l(_printf_pad.o)
    0x080007ea   0x080007ea   0x00000024   Code   RO         4182    .text               c_w.l(_printf_truncate.o)
    0x0800080e   0x0800080e   0x000000b2   Code   RO         4184    .text               c_w.l(_printf_intcommon.o)
    0x080008c0   0x080008c0   0x00000028   Code   RO         4186    .text               c_w.l(_printf_charcount.o)
    0x080008e8   0x080008e8   0x0000041e   Code   RO         4188    .text               c_w.l(_printf_fp_dec.o)
    0x08000d06   0x08000d06   0x00000002   PAD
    0x08000d08   0x08000d08   0x00000030   Code   RO         4190    .text               c_w.l(_printf_char_common.o)
    0x08000d38   0x08000d38   0x0000000a   Code   RO         4192    .text               c_w.l(_sputc.o)
    0x08000d42   0x08000d42   0x0000002c   Code   RO         4194    .text               c_w.l(_printf_char.o)
    0x08000d6e   0x08000d6e   0x00000002   PAD
    0x08000d70   0x08000d70   0x000000bc   Code   RO         4196    .text               c_w.l(_printf_wctomb.o)
    0x08000e2c   0x08000e2c   0x0000007c   Code   RO         4199    .text               c_w.l(_printf_longlong_dec.o)
    0x08000ea8   0x08000ea8   0x00000070   Code   RO         4205    .text               c_w.l(_printf_oct_int_ll.o)
    0x08000f18   0x08000f18   0x00000094   Code   RO         4225    .text               c_w.l(_printf_hex_int_ll_ptr.o)
    0x08000fac   0x08000fac   0x00000008   Code   RO         4277    .text               c_w.l(rt_locale_intlibspace.o)
    0x08000fb4   0x08000fb4   0x0000008a   Code   RO         4279    .text               c_w.l(lludiv10.o)
    0x0800103e   0x0800103e   0x00000002   PAD
    0x08001040   0x08001040   0x00000080   Code   RO         4281    .text               c_w.l(_printf_fp_infnan.o)
    0x080010c0   0x080010c0   0x0000002c   Code   RO         4285    .text               c_w.l(_printf_wchar.o)
    0x080010ec   0x080010ec   0x000000e4   Code   RO         4287    .text               c_w.l(bigflt0.o)
    0x080011d0   0x080011d0   0x00000040   Code   RO         4312    .text               c_w.l(_wcrtomb.o)
    0x08001210   0x08001210   0x00000008   Code   RO         4323    .text               c_w.l(libspace.o)
    0x08001218   0x08001218   0x0000004a   Code   RO         4326    .text               c_w.l(sys_stackheap_outer.o)
    0x08001262   0x08001262   0x00000002   PAD
    0x08001264   0x08001264   0x00000010   Code   RO         4328    .text               c_w.l(rt_ctype_table.o)
    0x08001274   0x08001274   0x00000012   Code   RO         4330    .text               c_w.l(exit.o)
    0x08001286   0x08001286   0x00000002   PAD
    0x08001288   0x08001288   0x00000080   Code   RO         4332    .text               c_w.l(strcmpv7m.o)
    0x08001308   0x08001308   0x0000000c   Code   RO         4407    .text               c_w.l(sys_exit.o)
    0x08001314   0x08001314   0x00000002   Code   RO         4418    .text               c_w.l(use_no_semi.o)
    0x08001316   0x08001316   0x00000000   Code   RO         4420    .text               c_w.l(indicate_semi.o)
    0x08001316   0x08001316   0x0000003e   Code   RO         4290    CL$$btod_d2e        c_w.l(btod.o)
    0x08001354   0x08001354   0x00000046   Code   RO         4292    CL$$btod_d2e_denorm_low  c_w.l(btod.o)
    0x0800139a   0x0800139a   0x00000060   Code   RO         4291    CL$$btod_d2e_norm_op1  c_w.l(btod.o)
    0x080013fa   0x080013fa   0x00000338   Code   RO         4300    CL$$btod_div_common  c_w.l(btod.o)
    0x08001732   0x08001732   0x000000dc   Code   RO         4297    CL$$btod_e2e        c_w.l(btod.o)
    0x0800180e   0x0800180e   0x0000002a   Code   RO         4294    CL$$btod_ediv       c_w.l(btod.o)
    0x08001838   0x08001838   0x0000002a   Code   RO         4293    CL$$btod_emul       c_w.l(btod.o)
    0x08001862   0x08001862   0x00000244   Code   RO         4299    CL$$btod_mult_common  c_w.l(btod.o)
    0x08001aa6   0x08001aa6   0x00000016   Code   RO         2082    i.ADC_Cmd           stm32f10x_adc.o
    0x08001abc   0x08001abc   0x0000005c   Code   RO         2084    i.ADC_DeInit        stm32f10x_adc.o
    0x08001b18   0x08001b18   0x00000014   Code   RO         2090    i.ADC_GetCalibrationStatus  stm32f10x_adc.o
    0x08001b2c   0x08001b2c   0x00000008   Code   RO         2091    i.ADC_GetConversionValue  stm32f10x_adc.o
    0x08001b34   0x08001b34   0x00000012   Code   RO         2093    i.ADC_GetFlagStatus  stm32f10x_adc.o
    0x08001b46   0x08001b46   0x00000014   Code   RO         2096    i.ADC_GetResetCalibrationStatus  stm32f10x_adc.o
    0x08001b5a   0x08001b5a   0x00000002   PAD
    0x08001b5c   0x08001b5c   0x00000050   Code   RO         2100    i.ADC_Init          stm32f10x_adc.o
    0x08001bac   0x08001bac   0x000000b8   Code   RO         2104    i.ADC_RegularChannelConfig  stm32f10x_adc.o
    0x08001c64   0x08001c64   0x0000000a   Code   RO         2105    i.ADC_ResetCalibration  stm32f10x_adc.o
    0x08001c6e   0x08001c6e   0x00000016   Code   RO         2107    i.ADC_SoftwareStartConvCmd  stm32f10x_adc.o
    0x08001c84   0x08001c84   0x0000000a   Code   RO         2109    i.ADC_StartCalibration  stm32f10x_adc.o
    0x08001c8e   0x08001c8e   0x00000002   PAD
    0x08001c90   0x08001c90   0x0000008c   Code   RO          678    i.Adc_Init          adc.o
    0x08001d1c   0x08001d1c   0x000001e0   Code   RO          483    i.AliIoT_Parameter_Init  mqtt.o
    0x08001efc   0x08001efc   0x00000002   Code   RO          262    i.BusFault_Handler  stm32f10x_it.o
    0x08001efe   0x08001efe   0x00000002   PAD
    0x08001f00   0x08001f00   0x0000006c   Code   RO          484    i.CMDBuf_Deal       mqtt.o
    0x08001f6c   0x08001f6c   0x00000080   Code   RO          636    i.DHT11_Check       dht11.o
    0x08001fec   0x08001fec   0x00000034   Code   RO          637    i.DHT11_Init        dht11.o
    0x08002020   0x08002020   0x0000004c   Code   RO          638    i.DHT11_Read_Bit    dht11.o
    0x0800206c   0x0800206c   0x0000001e   Code   RO          639    i.DHT11_Read_Byte   dht11.o
    0x0800208a   0x0800208a   0x00000058   Code   RO          640    i.DHT11_Read_Data   dht11.o
    0x080020e2   0x080020e2   0x00000002   PAD
    0x080020e4   0x080020e4   0x00000040   Code   RO          641    i.DHT11_Rst         dht11.o
    0x08002124   0x08002124   0x00000002   Code   RO          263    i.DebugMon_Handler  stm32f10x_it.o
    0x08002126   0x08002126   0x0000000c   Code   RO          180    i.Delay_Init        delay.o
    0x08002132   0x08002132   0x00000002   PAD
    0x08002134   0x08002134   0x000000f8   Code   RO          181    i.Delay_Ms          delay.o
    0x0800222c   0x0800222c   0x00000042   Code   RO          182    i.Delay_Us          delay.o
    0x0800226e   0x0800226e   0x00000002   PAD
    0x08002270   0x08002270   0x0000004c   Code   RO          264    i.EXTI0_IRQHandler  stm32f10x_it.o
    0x080022bc   0x080022bc   0x0000004c   Code   RO          265    i.EXTI1_IRQHandler  stm32f10x_it.o
    0x08002308   0x08002308   0x0000000c   Code   RO         2023    i.EXTI_ClearITPendingBit  stm32f10x_exti.o
    0x08002314   0x08002314   0x00000028   Code   RO         2027    i.EXTI_GetITStatus  stm32f10x_exti.o
    0x0800233c   0x0800233c   0x00000094   Code   RO         2028    i.EXTI_Init         stm32f10x_exti.o
    0x080023d0   0x080023d0   0x00000116   Code   RO         1914    i.GPIO_Init         stm32f10x_gpio.o
    0x080024e6   0x080024e6   0x00000012   Code   RO         1918    i.GPIO_ReadInputDataBit  stm32f10x_gpio.o
    0x080024f8   0x080024f8   0x00000004   Code   RO         1921    i.GPIO_ResetBits    stm32f10x_gpio.o
    0x080024fc   0x080024fc   0x00000004   Code   RO         1922    i.GPIO_SetBits      stm32f10x_gpio.o
    0x08002500   0x08002500   0x0000000a   Code   RO         1925    i.GPIO_WriteBit     stm32f10x_gpio.o
    0x0800250a   0x0800250a   0x00000002   PAD
    0x0800250c   0x0800250c   0x00000034   Code   RO          679    i.Get_Adc           adc.o
    0x08002540   0x08002540   0x0000002e   Code   RO          680    i.Get_Adc_Average   adc.o
    0x0800256e   0x0800256e   0x00000002   Code   RO          266    i.HardFault_Handler  stm32f10x_it.o
    0x08002570   0x08002570   0x00000030   Code   RO          722    i.IIC_Start         oled_1.o
    0x080025a0   0x080025a0   0x00000028   Code   RO          723    i.IIC_Stop          oled_1.o
    0x080025c8   0x080025c8   0x0000001c   Code   RO          724    i.IIC_Wait_Ack      oled_1.o
    0x080025e4   0x080025e4   0x000000a8   Code   RO          601    i.KEY_Init          key.o
    0x0800268c   0x0800268c   0x00000030   Code   RO          402    i.LED_AllOff        led.o
    0x080026bc   0x080026bc   0x00000038   Code   RO          404    i.LED_Init          led.o
    0x080026f4   0x080026f4   0x0000009c   Code   RO          485    i.MQTT_Buff_Init    mqtt.o
    0x08002790   0x08002790   0x000000f0   Code   RO          486    i.MQTT_Buff_ReInit  mqtt.o
    0x08002880   0x08002880   0x00000218   Code   RO          487    i.MQTT_ConectPack   mqtt.o
    0x08002a98   0x08002a98   0x0000010c   Code   RO          488    i.MQTT_DealPushdata_Qs0  mqtt.o
    0x08002ba4   0x08002ba4   0x0000001c   Code   RO          489    i.MQTT_PingREQ      mqtt.o
    0x08002bc0   0x08002bc0   0x000000ec   Code   RO          490    i.MQTT_PublishQs0   mqtt.o
    0x08002cac   0x08002cac   0x00000098   Code   RO          491    i.MQTT_Subscribe    mqtt.o
    0x08002d44   0x08002d44   0x00000002   Code   RO          267    i.MemManage_Handler  stm32f10x_it.o
    0x08002d46   0x08002d46   0x00000002   Code   RO          268    i.NMI_Handler       stm32f10x_it.o
    0x08002d48   0x08002d48   0x00000070   Code   RO          944    i.NVIC_Init         misc.o
    0x08002db8   0x08002db8   0x00000014   Code   RO          945    i.NVIC_PriorityGroupConfig  misc.o
    0x08002dcc   0x08002dcc   0x0000003e   Code   RO          725    i.OLED_Clear        oled_1.o
    0x08002e0a   0x08002e0a   0x0000003a   Code   RO          727    i.OLED_Dis_DHT      oled_1.o
    0x08002e44   0x08002e44   0x000000a0   Code   RO          729    i.OLED_Dis_Menu     oled_1.o
    0x08002ee4   0x08002ee4   0x00000118   Code   RO          733    i.OLED_Init         oled_1.o
    0x08002ffc   0x08002ffc   0x00000028   Code   RO          735    i.OLED_Set_Pos      oled_1.o
    0x08003024   0x08003024   0x00000068   Code   RO          736    i.OLED_ShowCHinese  oled_1.o
    0x0800308c   0x0800308c   0x000000a4   Code   RO          737    i.OLED_ShowChar     oled_1.o
    0x08003130   0x08003130   0x00000088   Code   RO          738    i.OLED_ShowNum      oled_1.o
    0x080031b8   0x080031b8   0x00000018   Code   RO          740    i.OLED_WR_Byte      oled_1.o
    0x080031d0   0x080031d0   0x00000002   Code   RO          269    i.PendSV_Handler    stm32f10x_it.o
    0x080031d2   0x080031d2   0x00000002   PAD
    0x080031d4   0x080031d4   0x00000018   Code   RO          980    i.RCC_ADCCLKConfig  stm32f10x_rcc.o
    0x080031ec   0x080031ec   0x00000020   Code   RO          982    i.RCC_APB1PeriphClockCmd  stm32f10x_rcc.o
    0x0800320c   0x0800320c   0x00000020   Code   RO          983    i.RCC_APB1PeriphResetCmd  stm32f10x_rcc.o
    0x0800322c   0x0800322c   0x00000020   Code   RO          984    i.RCC_APB2PeriphClockCmd  stm32f10x_rcc.o
    0x0800324c   0x0800324c   0x00000020   Code   RO          985    i.RCC_APB2PeriphResetCmd  stm32f10x_rcc.o
    0x0800326c   0x0800326c   0x000000d4   Code   RO          992    i.RCC_GetClocksFreq  stm32f10x_rcc.o
    0x08003340   0x08003340   0x00000002   Code   RO          270    i.SVC_Handler       stm32f10x_it.o
    0x08003342   0x08003342   0x00000008   Code   RO          903    i.SetSysClock       system_stm32f10x.o
    0x0800334a   0x0800334a   0x00000002   PAD
    0x0800334c   0x0800334c   0x000000e0   Code   RO          904    i.SetSysClockTo72   system_stm32f10x.o
    0x0800342c   0x0800342c   0x00000028   Code   RO          948    i.SysTick_CLKSourceConfig  misc.o
    0x08003454   0x08003454   0x00000002   Code   RO          271    i.SysTick_Handler   stm32f10x_it.o
    0x08003456   0x08003456   0x00000002   PAD
    0x08003458   0x08003458   0x00000060   Code   RO          906    i.SystemInit        system_stm32f10x.o
    0x080034b8   0x080034b8   0x00000076   Code   RO          624    i.TIM2_ENABLE_10S   timer2.o
    0x0800352e   0x0800352e   0x0000001a   Code   RO          272    i.TIM2_IRQHandler   stm32f10x_it.o
    0x08003548   0x08003548   0x00000078   Code   RO          570    i.TIM3_ENABLE_20S   timer3.o
    0x080035c0   0x080035c0   0x00000078   Code   RO          571    i.TIM3_ENABLE_2S    timer3.o
    0x08003638   0x08003638   0x0000006c   Code   RO          273    i.TIM3_IRQHandler   stm32f10x_it.o
    0x080036a4   0x080036a4   0x00000078   Code   RO          232    i.TIM4_ENABLE_2S    timer4.o
    0x0800371c   0x0800371c   0x00000098   Code   RO          274    i.TIM4_IRQHandler   stm32f10x_it.o
    0x080037b4   0x080037b4   0x00000070   Code   RO          233    i.TIM4_Init         timer4.o
    0x08003824   0x08003824   0x00000020   Code   RO          275    i.TIM5_IRQHandler   stm32f10x_it.o
    0x08003844   0x08003844   0x00000038   Code   RO          234    i.TIME4_DISABLE     timer4.o
    0x0800387c   0x0800387c   0x00000006   Code   RO         1191    i.TIM_ClearITPendingBit  stm32f10x_tim.o
    0x08003882   0x08003882   0x00000018   Code   RO         1196    i.TIM_Cmd           stm32f10x_tim.o
    0x0800389a   0x0800389a   0x00000002   PAD
    0x0800389c   0x0800389c   0x000001e8   Code   RO         1201    i.TIM_DeInit        stm32f10x_tim.o
    0x08003a84   0x08003a84   0x00000022   Code   RO         1217    i.TIM_GetITStatus   stm32f10x_tim.o
    0x08003aa6   0x08003aa6   0x00000012   Code   RO         1221    i.TIM_ITConfig      stm32f10x_tim.o
    0x08003ab8   0x08003ab8   0x00000004   Code   RO         1261    i.TIM_SetCounter    stm32f10x_tim.o
    0x08003abc   0x08003abc   0x000000a4   Code   RO         1267    i.TIM_TimeBaseInit  stm32f10x_tim.o
    0x08003b60   0x08003b60   0x0000023c   Code   RO            1    i.TempHumi_State    main.o
    0x08003d9c   0x08003d9c   0x00000064   Code   RO          492    i.TxDataBuf_Deal    mqtt.o
    0x08003e00   0x08003e00   0x0000007c   Code   RO          276    i.USART2_IRQHandler  stm32f10x_it.o
    0x08003e7c   0x08003e7c   0x00000012   Code   RO         1728    i.USART_ClearFlag   stm32f10x_usart.o
    0x08003e8e   0x08003e8e   0x00000018   Code   RO         1732    i.USART_Cmd         stm32f10x_usart.o
    0x08003ea6   0x08003ea6   0x00000002   PAD
    0x08003ea8   0x08003ea8   0x0000009c   Code   RO         1734    i.USART_DeInit      stm32f10x_usart.o
    0x08003f44   0x08003f44   0x00000054   Code   RO         1736    i.USART_GetITStatus  stm32f10x_usart.o
    0x08003f98   0x08003f98   0x0000004a   Code   RO         1738    i.USART_ITConfig    stm32f10x_usart.o
    0x08003fe2   0x08003fe2   0x00000002   PAD
    0x08003fe4   0x08003fe4   0x000000d8   Code   RO         1739    i.USART_Init        stm32f10x_usart.o
    0x080040bc   0x080040bc   0x00000002   Code   RO          277    i.UsageFault_Handler  stm32f10x_it.o
    0x080040be   0x080040be   0x00000002   PAD
    0x080040c0   0x080040c0   0x00000080   Code   RO          204    i.Usart1_Init       usart1.o
    0x08004140   0x08004140   0x000000b8   Code   RO          371    i.Usart2_Init       usart2.o
    0x080041f8   0x080041f8   0x00000510   Code   RO          426    i.WiFi_Connect_IoTServer  wifi.o
    0x08004708   0x08004708   0x00000154   Code   RO          427    i.WiFi_Connect_Server  wifi.o
    0x0800485c   0x0800485c   0x000000ac   Code   RO          428    i.WiFi_JoinAP       wifi.o
    0x08004908   0x08004908   0x00000068   Code   RO          429    i.WiFi_Reset        wifi.o
    0x08004970   0x08004970   0x00000034   Code   RO          430    i.WiFi_ResetIO_Init  wifi.o
    0x080049a4   0x080049a4   0x00000074   Code   RO          431    i.WiFi_SendCmd      wifi.o
    0x08004a18   0x08004a18   0x0000006c   Code   RO          432    i.WiFi_Smartconfig  wifi.o
    0x08004a84   0x08004a84   0x00000058   Code   RO          433    i.WiFi_WaitAP       wifi.o
    0x08004adc   0x08004adc   0x0000005c   Code   RO          741    i.Write_IIC_Byte    oled_1.o
    0x08004b38   0x08004b38   0x0000002c   Code   RO          742    i.Write_IIC_Command  oled_1.o
    0x08004b64   0x08004b64   0x0000002c   Code   RO          743    i.Write_IIC_Data    oled_1.o
    0x08004b90   0x08004b90   0x00000028   Code   RO         4321    i.__ARM_fpclassify  m_ws.l(fpclassify.o)
    0x08004bb8   0x08004bb8   0x0000000e   Code   RO         4101    i._is_digit         c_w.l(__printf_wp.o)
    0x08004bc6   0x08004bc6   0x00000002   PAD
    0x08004bc8   0x08004bc8   0x000000c4   Code   RO            2    i.find              main.o
    0x08004c8c   0x08004c8c   0x00000570   Code   RO            3    i.main              main.o
    0x080051fc   0x080051fc   0x00000016   Code   RO          745    i.oled_pow          oled_1.o
    0x08005212   0x08005212   0x00000002   PAD
    0x08005214   0x08005214   0x0000005c   Code   RO          205    i.u1_printf         usart1.o
    0x08005270   0x08005270   0x00000040   Code   RO          372    i.u2_TxData         usart2.o
    0x080052b0   0x080052b0   0x0000005c   Code   RO          373    i.u2_printf         usart2.o
    0x0800530c   0x0800530c   0x00000018   Code   RO         3950    i.utils_hb2hex      utils_md5.o
    0x08005324   0x08005324   0x000000e8   Code   RO         3913    i.utils_hmac_sha1   utils_hmac.o
    0x0800540c   0x0800540c   0x000000e8   Code   RO         4018    i.utils_sha1_finish  utils_sha1.o
    0x080054f4   0x080054f4   0x0000000e   Code   RO         4020    i.utils_sha1_init   utils_sha1.o
    0x08005502   0x08005502   0x00000002   PAD
    0x08005504   0x08005504   0x0000191c   Code   RO         4021    i.utils_sha1_process  utils_sha1.o
    0x08006e20   0x08006e20   0x0000002c   Code   RO         4022    i.utils_sha1_starts  utils_sha1.o
    0x08006e4c   0x08006e4c   0x0000007c   Code   RO         4023    i.utils_sha1_update  utils_sha1.o
    0x08006ec8   0x08006ec8   0x0000002c   Code   RO         4315    locale$$code        c_w.l(lc_numeric_c.o)
    0x08006ef4   0x08006ef4   0x0000002c   Code   RO         4388    locale$$code        c_w.l(lc_ctype_c.o)
    0x08006f20   0x08006f20   0x00000062   Code   RO         4133    x$fpl$d2f           fz_ws.l(d2f.o)
    0x08006f82   0x08006f82   0x00000002   PAD
    0x08006f84   0x08006f84   0x000002b0   Code   RO         4136    x$fpl$ddiv          fz_ws.l(ddiv.o)
    0x08007234   0x08007234   0x0000002e   Code   RO         4140    x$fpl$dflt          fz_ws.l(dflt_clz.o)
    0x08007262   0x08007262   0x00000002   PAD
    0x08007264   0x08007264   0x00000154   Code   RO         4145    x$fpl$dmul          fz_ws.l(dmul.o)
    0x080073b8   0x080073b8   0x0000009c   Code   RO         4248    x$fpl$dnaninf       fz_ws.l(dnaninf.o)
    0x08007454   0x08007454   0x0000000c   Code   RO         4250    x$fpl$dretinf       fz_ws.l(dretinf.o)
    0x08007460   0x08007460   0x00000056   Code   RO         4147    x$fpl$f2d           fz_ws.l(f2d.o)
    0x080074b6   0x080074b6   0x00000002   PAD
    0x080074b8   0x080074b8   0x000000c4   Code   RO         4149    x$fpl$fadd          fz_ws.l(faddsub_clz.o)
    0x0800757c   0x0800757c   0x00000018   Code   RO         4317    x$fpl$fcmpinf       fz_ws.l(fcmpi.o)
    0x08007594   0x08007594   0x00000184   Code   RO         4156    x$fpl$fdiv          fz_ws.l(fdiv.o)
    0x08007718   0x08007718   0x00000036   Code   RO         4159    x$fpl$ffix          fz_ws.l(ffix.o)
    0x0800774e   0x0800774e   0x00000002   PAD
    0x08007750   0x08007750   0x0000003e   Code   RO         4163    x$fpl$ffixu         fz_ws.l(ffixu.o)
    0x0800778e   0x0800778e   0x00000002   PAD
    0x08007790   0x08007790   0x00000030   Code   RO         4168    x$fpl$fflt          fz_ws.l(fflt_clz.o)
    0x080077c0   0x080077c0   0x00000026   Code   RO         4167    x$fpl$ffltu         fz_ws.l(fflt_clz.o)
    0x080077e6   0x080077e6   0x00000002   PAD
    0x080077e8   0x080077e8   0x00000068   Code   RO         4252    x$fpl$fleqf         fz_ws.l(fleqf.o)
    0x08007850   0x08007850   0x00000102   Code   RO         4173    x$fpl$fmul          fz_ws.l(fmul.o)
    0x08007952   0x08007952   0x0000008c   Code   RO         4254    x$fpl$fnaninf       fz_ws.l(fnaninf.o)
    0x080079de   0x080079de   0x0000000a   Code   RO         4256    x$fpl$fretinf       fz_ws.l(fretinf.o)
    0x080079e8   0x080079e8   0x00000062   Code   RO         4175    x$fpl$frleqf        fz_ws.l(frleqf.o)
    0x08007a4a   0x08007a4a   0x00000002   PAD
    0x08007a4c   0x08007a4c   0x000000ea   Code   RO         4151    x$fpl$fsub          fz_ws.l(faddsub_clz.o)
    0x08007b36   0x08007b36   0x00000004   Code   RO         4177    x$fpl$printf1       fz_ws.l(printf1.o)
    0x08007b3a   0x08007b3a   0x00000000   Code   RO         4258    x$fpl$usenofp       fz_ws.l(usenofp.o)
    0x08007b3a   0x08007b3a   0x00000818   Data   RO          746    .constdata          oled_1.o
    0x08008352   0x08008352   0x00000040   Data   RO         4025    .constdata          utils_sha1.o
    0x08008392   0x08008392   0x00000011   Data   RO         4109    .constdata          c_w.l(__printf_flags_ss_wp.o)
    0x080083a3   0x080083a3   0x00000001   PAD
    0x080083a4   0x080083a4   0x00000008   Data   RO         4197    .constdata          c_w.l(_printf_wctomb.o)
    0x080083ac   0x080083ac   0x00000028   Data   RO         4226    .constdata          c_w.l(_printf_hex_int_ll_ptr.o)
    0x080083d4   0x080083d4   0x00000094   Data   RO         4288    .constdata          c_w.l(bigflt0.o)
    0x08008468   0x08008468   0x00000020   Data   RO         4469    Region$$Table       anon$$obj.o
    0x08008488   0x08008488   0x0000001c   Data   RO         4314    locale$$data        c_w.l(lc_numeric_c.o)
    0x080084a4   0x080084a4   0x00000110   Data   RO         4387    locale$$data        c_w.l(lc_ctype_c.o)


    Execution Region ER_RW (Exec base: 0x20000000, Load base: 0x080085b4, Size: 0x00000604, Max: 0xffffffff, ABSOLUTE, COMPRESSED[0x00000460])

    Exec Addr    Load Addr    Size         Type   Attr      Idx    E Section Name        Object

    0x20000000   COMPRESSED   0x00000020   Data   RW            4    .data               main.o
    0x20000020   COMPRESSED   0x00000008   Data   RW          375    .data               usart2.o
    0x20000028   COMPRESSED   0x00000001   Data   RW          434    .data               wifi.o
    0x20000029   COMPRESSED   0x00000003   PAD
    0x2000002c   COMPRESSED   0x00000044   Data   RW          494    .data               mqtt.o
    0x20000070   COMPRESSED   0x00000580   Data   RW          747    .data               oled_1.o
    0x200005f0   COMPRESSED   0x00000014   Data   RW         1012    .data               stm32f10x_rcc.o


    Execution Region ER_ZI (Exec base: 0x20000604, Load base: 0x08008a14, Size: 0x00004364, Max: 0xffffffff, ABSOLUTE)

    Exec Addr    Load Addr    Size         Type   Attr      Idx    E Section Name        Object

    0x20000604   0x08008a14   0x00000004   PAD
    0x20000608        -       0x00000100   Zero   RW          206    .bss                usart1.o
    0x20000708        -       0x00000800   Zero   RW          374    .bss                usart2.o
    0x20000f08        -       0x00003400   Zero   RW          493    .bss                mqtt.o
    0x20004308        -       0x00000060   Zero   RW         4324    .bss                c_w.l(libspace.o)
    0x20004368        -       0x00000200   Zero   RW          938    HEAP                startup_stm32f10x_hd.o
    0x20004568        -       0x00000400   Zero   RW          937    STACK               startup_stm32f10x_hd.o


==============================================================================

Image component sizes


      Code (inc. data)   RO Data    RW Data    ZI Data      Debug   Object Name

       238         14          0          0          0       1899   adc.o
         0          0          0          0          0         32   core_cm3.o
       326          6          0          0          0       1947   delay.o
       438         54          0          0          0       3964   dht11.o
       168          4          0          0          0        703   key.o
       104         12          0          0          0       1104   led.o
      2160        704          0         32          0     266290   main.o
       172         22          0          0          0       2273   misc.o
      2304        566          0         68      13312       9322   mqtt.o
      1346         40       2072       1408          0      11404   oled_1.o
        64         26        304          0       1536        852   startup_stm32f10x_hd.o
       486         24          0          0          0       9270   stm32f10x_adc.o
       200         18          0          0          0       2324   stm32f10x_exti.o
       314          0          0          0          0       4560   stm32f10x_gpio.o
       612        100          0          0          0       8772   stm32f10x_it.o
       364         50          0         20          0       6587   stm32f10x_rcc.o
       738        106          0          0          0       5316   stm32f10x_tim.o
       572         28          0          0          0       5991   stm32f10x_usart.o
       328         28          0          0          0       2177   system_stm32f10x.o
       118          0          0          0          0        658   timer2.o
       240         10          0          0          0       1311   timer3.o
       288         18          0          0          0       1993   timer4.o
       220         18          0          0        256       2758   usart1.o
       340         22          0          8       2048       3096   usart2.o
       232          0          0          0          0       2898   utils_hmac.o
        24          0          0          0          0        591   utils_md5.o
      6842         40         64          0          0       6295   utils_sha1.o
      2276       1240          0          1          0       6082   wifi.o

    ----------------------------------------------------------------------
     21546       3150       2472       1540      17156     370469   Object Totals
         0          0         32          0          0          0   (incl. Generated)
        32          0          0          3          4          0   (incl. Padding)

    ----------------------------------------------------------------------

      Code (inc. data)   RO Data    RW Data    ZI Data      Debug   Library Member Name

        44          6          0          0          0         84   __2sprintf.o
       100          0          0          0          0          0   __dclz77c.o
         8          0          0          0          0         68   __main.o
       392          4         17          0          0         92   __printf_flags_ss_wp.o
        14          0          0          0          0         68   __printf_wp.o
         0          0          0          0          0          0   __rtentry.o
        12          0          0          0          0          0   __rtentry2.o
         6          0          0          0          0          0   __rtentry4.o
        52          8          0          0          0          0   __scatter.o
        28          0          0          0          0          0   __scatter_zi.o
         6          0          0          0          0          0   _printf_a.o
         6          0          0          0          0          0   _printf_c.o
        44          0          0          0          0        108   _printf_char.o
        48          6          0          0          0         96   _printf_char_common.o
        40          0          0          0          0         68   _printf_charcount.o
         6          0          0          0          0          0   _printf_d.o
       120         16          0          0          0         92   _printf_dec.o
         6          0          0          0          0          0   _printf_e.o
         6          0          0          0          0          0   _printf_f.o
      1054          0          0          0          0        216   _printf_fp_dec.o
       128         16          0          0          0         84   _printf_fp_infnan.o
         6          0          0          0          0          0   _printf_g.o
       148          4         40          0          0        160   _printf_hex_int_ll_ptr.o
         6          0          0          0          0          0   _printf_i.o
       178          0          0          0          0         88   _printf_intcommon.o
        10          0          0          0          0          0   _printf_l.o
         6          0          0          0          0          0   _printf_lc.o
        10          0          0          0          0          0   _printf_ll.o
         6          0          0          0          0          0   _printf_lld.o
         6          0          0          0          0          0   _printf_lli.o
         6          0          0          0          0          0   _printf_llo.o
         6          0          0          0          0          0   _printf_llu.o
         6          0          0          0          0          0   _printf_llx.o
       124         16          0          0          0         92   _printf_longlong_dec.o
         6          0          0          0          0          0   _printf_ls.o
         6          0          0          0          0          0   _printf_n.o
         6          0          0          0          0          0   _printf_o.o
       112         10          0          0          0        124   _printf_oct_int_ll.o
         6          0          0          0          0          0   _printf_p.o
        78          0          0          0          0        108   _printf_pad.o
         0          0          0          0          0          0   _printf_percent.o
         4          0          0          0          0          0   _printf_percent_end.o
         6          0          0          0          0          0   _printf_s.o
        82          0          0          0          0         80   _printf_str.o
        36          0          0          0          0         84   _printf_truncate.o
         6          0          0          0          0          0   _printf_u.o
        44          0          0          0          0        108   _printf_wchar.o
       188          6          8          0          0         92   _printf_wctomb.o
         6          0          0          0          0          0   _printf_x.o
        10          0          0          0          0         68   _sputc.o
        64          0          0          0          0         92   _wcrtomb.o
        16          0          0          0          0         68   aeabi_memset.o
       228          4        148          0          0         96   bigflt0.o
      1936        128          0          0          0        672   btod.o
        36          4          0          0          0         76   c89vsprintf.o
        18          0          0          0          0         80   exit.o
         6          0          0          0          0        152   heapauxi.o
         0          0          0          0          0          0   indicate_semi.o
        44         10        272          0          0         76   lc_ctype_c.o
        44         10         28          0          0         76   lc_numeric_c.o
         2          0          0          0          0          0   libinit.o
        30          0          0          0          0          0   libinit2.o
         2          0          0          0          0          0   libshutdown.o
         2          0          0          0          0          0   libshutdown2.o
         8          4          0          0         96         68   libspace.o
       138          0          0          0          0         80   lludiv10.o
        16          4          0          0          0         76   rt_ctype_table.o
         8          4          0          0          0         68   rt_locale_intlibspace.o
        68          0          0          0          0         68   rt_memclr.o
        78          0          0          0          0         80   rt_memclr_w.o
       138          0          0          0          0         68   rt_memcpy_v6.o
       100          0          0          0          0         80   rt_memcpy_w.o
         2          0          0          0          0          0   rtexit.o
        10          0          0          0          0          0   rtexit2.o
       128          0          0          0          0         68   strcmpv7m.o
        62          0          0          0          0         76   strlen.o
        36          0          0          0          0         80   strstr.o
        12          4          0          0          0         68   sys_exit.o
        74          0          0          0          0         80   sys_stackheap_outer.o
         2          0          0          0          0         68   use_no_semi.o
        98          4          0          0          0         92   d2f.o
       688        140          0          0          0        208   ddiv.o
        46          0          0          0          0         68   dflt_clz.o
       340         12          0          0          0        104   dmul.o
       156          4          0          0          0         92   dnaninf.o
        12          0          0          0          0         68   dretinf.o
        86          4          0          0          0         84   f2d.o
       430          8          0          0          0        168   faddsub_clz.o
        24          0          0          0          0         68   fcmpi.o
       388         76          0          0          0         96   fdiv.o
        54          4          0          0          0         84   ffix.o
        62          4          0          0          0         84   ffixu.o
        86          0          0          0          0        136   fflt_clz.o
       104          4          0          0          0         84   fleqf.o
       258          4          0          0          0         84   fmul.o
       140          4          0          0          0         84   fnaninf.o
        10          0          0          0          0         68   fretinf.o
        98          0          0          0          0         68   frleqf.o
         4          0          0          0          0         68   printf1.o
         0          0          0          0          0          0   usenofp.o
        40          0          0          0          0         68   fpclassify.o

    ----------------------------------------------------------------------
      9696        532        514          0         96       6272   Library Totals
        30          0          1          0          0          0   (incl. Padding)

    ----------------------------------------------------------------------

      Code (inc. data)   RO Data    RW Data    ZI Data      Debug   Library Name

      6542        264        513          0         96       4396   c_w.l
      3084        268          0          0          0       1808   fz_ws.l
        40          0          0          0          0         68   m_ws.l

    ----------------------------------------------------------------------
      9696        532        514          0         96       6272   Library Totals

    ----------------------------------------------------------------------

==============================================================================


      Code (inc. data)   RO Data    RW Data    ZI Data      Debug   

     31242       3682       2986       1540      17252     366597   Grand Totals
     31242       3682       2986       1120      17252     366597   ELF Image Totals (compressed)
     31242       3682       2986       1120          0          0   ROM Totals

==============================================================================

    Total RO  Size (Code + RO Data)                34228 (  33.43kB)
    Total RW  Size (RW Data + ZI Data)             18792 (  18.35kB)
    Total ROM Size (Code + RO Data + RW Data)      35348 (  34.52kB)

==============================================================================

